Archive member included to satisfy reference by file (symbol)

/usr/lib/gcc/arm-none-eabi/10.3.1/thumb/v6-m/nofp/libgcc.a(_dvmd_tls.o)
                              CMakeFiles/tpm_sniffer_spi.dir/home/iot/pico/pico-sdk/src/rp2_common/pico_divider/divider.S.obj (__aeabi_idiv0)
/usr/lib/gcc/arm-none-eabi/10.3.1/../../../arm-none-eabi/lib/thumb/v6-m/nofp/libc.a(lib_a-atexit.o)
                              /usr/lib/gcc/arm-none-eabi/10.3.1/../../../arm-none-eabi/lib/thumb/v6-m/nofp/crt0.o (atexit)
/usr/lib/gcc/arm-none-eabi/10.3.1/../../../arm-none-eabi/lib/thumb/v6-m/nofp/libc.a(lib_a-calloc.o)
                              CMakeFiles/tpm_sniffer_spi.dir/home/iot/pico/pico-sdk/src/rp2_common/pico_malloc/pico_malloc.c.obj (calloc)
/usr/lib/gcc/arm-none-eabi/10.3.1/../../../arm-none-eabi/lib/thumb/v6-m/nofp/libc.a(lib_a-callocr.o)
                              /usr/lib/gcc/arm-none-eabi/10.3.1/../../../arm-none-eabi/lib/thumb/v6-m/nofp/libc.a(lib_a-calloc.o) (_calloc_r)
/usr/lib/gcc/arm-none-eabi/10.3.1/../../../arm-none-eabi/lib/thumb/v6-m/nofp/libc.a(lib_a-fini.o)
                              /usr/lib/gcc/arm-none-eabi/10.3.1/../../../arm-none-eabi/lib/thumb/v6-m/nofp/crt0.o (__libc_fini_array)
/usr/lib/gcc/arm-none-eabi/10.3.1/../../../arm-none-eabi/lib/thumb/v6-m/nofp/libc.a(lib_a-impure.o)
                              /usr/lib/gcc/arm-none-eabi/10.3.1/../../../arm-none-eabi/lib/thumb/v6-m/nofp/libc.a(lib_a-calloc.o) (_impure_ptr)
/usr/lib/gcc/arm-none-eabi/10.3.1/../../../arm-none-eabi/lib/thumb/v6-m/nofp/libc.a(lib_a-init.o)
                              /usr/lib/gcc/arm-none-eabi/10.3.1/../../../arm-none-eabi/lib/thumb/v6-m/nofp/crt0.o (__libc_init_array)
/usr/lib/gcc/arm-none-eabi/10.3.1/../../../arm-none-eabi/lib/thumb/v6-m/nofp/libc.a(lib_a-malloc.o)
                              CMakeFiles/tpm_sniffer_spi.dir/home/iot/pico/pico-sdk/src/rp2_common/pico_malloc/pico_malloc.c.obj (malloc)
/usr/lib/gcc/arm-none-eabi/10.3.1/../../../arm-none-eabi/lib/thumb/v6-m/nofp/libc.a(lib_a-mallocr.o)
                              /usr/lib/gcc/arm-none-eabi/10.3.1/../../../arm-none-eabi/lib/thumb/v6-m/nofp/libc.a(lib_a-callocr.o) (_malloc_r)
/usr/lib/gcc/arm-none-eabi/10.3.1/../../../arm-none-eabi/lib/thumb/v6-m/nofp/libc.a(lib_a-mlock.o)
                              /usr/lib/gcc/arm-none-eabi/10.3.1/../../../arm-none-eabi/lib/thumb/v6-m/nofp/libc.a(lib_a-mallocr.o) (__malloc_lock)
/usr/lib/gcc/arm-none-eabi/10.3.1/../../../arm-none-eabi/lib/thumb/v6-m/nofp/libc.a(lib_a-realloc.o)
                              CMakeFiles/tpm_sniffer_spi.dir/home/iot/pico/pico-sdk/src/rp2_common/pico_malloc/pico_malloc.c.obj (realloc)
/usr/lib/gcc/arm-none-eabi/10.3.1/../../../arm-none-eabi/lib/thumb/v6-m/nofp/libc.a(lib_a-reallocr.o)
                              /usr/lib/gcc/arm-none-eabi/10.3.1/../../../arm-none-eabi/lib/thumb/v6-m/nofp/libc.a(lib_a-realloc.o) (_realloc_r)
/usr/lib/gcc/arm-none-eabi/10.3.1/../../../arm-none-eabi/lib/thumb/v6-m/nofp/libc.a(lib_a-sbrkr.o)
                              /usr/lib/gcc/arm-none-eabi/10.3.1/../../../arm-none-eabi/lib/thumb/v6-m/nofp/libc.a(lib_a-mallocr.o) (_sbrk_r)
/usr/lib/gcc/arm-none-eabi/10.3.1/../../../arm-none-eabi/lib/thumb/v6-m/nofp/libc.a(lib_a-strlen-stub.o)
                              CMakeFiles/tpm_sniffer_spi.dir/home/iot/pico/pico-sdk/src/rp2_common/pico_stdio/stdio.c.obj (strlen)
/usr/lib/gcc/arm-none-eabi/10.3.1/../../../arm-none-eabi/lib/thumb/v6-m/nofp/libc.a(lib_a-__atexit.o)
                              /usr/lib/gcc/arm-none-eabi/10.3.1/../../../arm-none-eabi/lib/thumb/v6-m/nofp/libc.a(lib_a-atexit.o) (__register_exitproc)
/usr/lib/gcc/arm-none-eabi/10.3.1/../../../arm-none-eabi/lib/thumb/v6-m/nofp/libc.a(lib_a-freer.o)
                              /usr/lib/gcc/arm-none-eabi/10.3.1/../../../arm-none-eabi/lib/thumb/v6-m/nofp/libc.a(lib_a-malloc.o) (_free_r)
/usr/lib/gcc/arm-none-eabi/10.3.1/../../../arm-none-eabi/lib/thumb/v6-m/nofp/libc.a(lib_a-memmove.o)
                              /usr/lib/gcc/arm-none-eabi/10.3.1/../../../arm-none-eabi/lib/thumb/v6-m/nofp/libc.a(lib_a-reallocr.o) (memmove)
/usr/lib/gcc/arm-none-eabi/10.3.1/../../../arm-none-eabi/lib/thumb/v6-m/nofp/libc.a(lib_a-reent.o)
                              /usr/lib/gcc/arm-none-eabi/10.3.1/../../../arm-none-eabi/lib/thumb/v6-m/nofp/libc.a(lib_a-sbrkr.o) (errno)

Discarded input sections

 .text          0x0000000000000000        0x0 /usr/lib/gcc/arm-none-eabi/10.3.1/thumb/v6-m/nofp/crti.o
 .data          0x0000000000000000        0x0 /usr/lib/gcc/arm-none-eabi/10.3.1/thumb/v6-m/nofp/crti.o
 .bss           0x0000000000000000        0x0 /usr/lib/gcc/arm-none-eabi/10.3.1/thumb/v6-m/nofp/crti.o
 .data          0x0000000000000000        0x4 /usr/lib/gcc/arm-none-eabi/10.3.1/thumb/v6-m/nofp/crtbegin.o
 .rodata        0x0000000000000000       0x24 /usr/lib/gcc/arm-none-eabi/10.3.1/thumb/v6-m/nofp/crtbegin.o
[...]
Memory Configuration

Name             Origin             Length             Attributes
FLASH            0x0000000010000000 0x0000000000200000 xr
RAM              0x0000000020000000 0x0000000000040000 xrw
SCRATCH_X        0x0000000020040000 0x0000000000001000 xrw
SCRATCH_Y        0x0000000020041000 0x0000000000001000 xrw
*default*        0x0000000000000000 0xffffffffffffffff

Linker script and memory map

LOAD /usr/lib/gcc/arm-none-eabi/10.3.1/thumb/v6-m/nofp/crti.o
LOAD /usr/lib/gcc/arm-none-eabi/10.3.1/thumb/v6-m/nofp/crtbegin.o
LOAD /usr/lib/gcc/arm-none-eabi/10.3.1/../../../arm-none-eabi/lib/thumb/v6-m/nofp/crt0.o

.flash_begin    0x0000000010000000        0x0
                0x0000000010000000                __flash_binary_start = .

.boot2          0x0000000010000000      0x100
                0x0000000010000000                __boot2_start__ = .
 *(.boot2)
 .boot2         0x0000000010000000      0x100 /tmp/ccCNvMyE.o
                0x0000000010000100                __boot2_end__ = .
                0x0000000000000001                ASSERT (((__boot2_end__ - __boot2_start__) == 0x100), ERROR: Pico second stage bootloader must be 256 bytes in size)

.text           0x0000000010000100     0x7828
                0x0000000010000100                __logical_binary_start = .
 *(.vectors)
 .vectors       0x0000000010000100       0xd4 CMakeFiles/tpm_sniffer_spi.dir/home/iot/pico/pico-sdk/src/rp2_common/pico_standard_link/crt0.S.obj
                0x0000000010000100                __vectors
                0x0000000010000100                __VECTOR_TABLE
                0x00000000100001c0                isr_invalid
                0x00000000100001c0                __default_isrs_start
                0x00000000100001c2                isr_nmi
                0x00000000100001c4                isr_hardfault
                0x00000000100001c6                isr_svcall
                0x00000000100001c8                isr_pendsv
                0x00000000100001ca                isr_systick
                0x00000000100001cc                isr_irq30
                0x00000000100001cc                __unhandled_user_irq
                0x00000000100001cc                isr_irq13
                0x00000000100001cc                isr_irq27
                0x00000000100001cc                isr_irq31
                0x00000000100001cc                isr_irq5
                0x00000000100001cc                isr_irq11
                0x00000000100001cc                isr_irq23
                0x00000000100001cc                isr_irq18
                0x00000000100001cc                isr_irq28
                0x00000000100001cc                isr_irq19
                0x00000000100001cc                isr_irq0
                0x00000000100001cc                isr_irq6
                0x00000000100001cc                isr_irq22
                0x00000000100001cc                isr_irq17
                0x00000000100001cc                isr_irq14
                0x00000000100001cc                isr_irq2
                0x00000000100001cc                isr_irq10
                0x00000000100001cc                isr_irq8
                0x00000000100001cc                isr_irq24
                0x00000000100001cc                isr_irq1
                0x00000000100001cc                isr_irq7
                0x00000000100001cc                isr_irq21
                0x00000000100001cc                isr_irq20
                0x00000000100001cc                isr_irq15
                0x00000000100001cc                isr_irq25
                0x00000000100001cc                isr_irq4
                0x00000000100001cc                isr_irq16
                0x00000000100001cc                isr_irq29
                0x00000000100001cc                isr_irq26
                0x00000000100001cc                __default_isrs_end
                0x00000000100001cc                isr_irq3
                0x00000000100001cc                isr_irq12
                0x00000000100001cc                isr_irq9
                0x00000000100001d2                unhandled_user_irq_num_in_r0
 *(.binary_info_header)
 .binary_info_header
                0x00000000100001d4       0x14 CMakeFiles/tpm_sniffer_spi.dir/home/iot/pico/pico-sdk/src/rp2_common/pico_standard_link/crt0.S.obj
                0x00000000100001e8                __binary_info_header_end = .
 *(.reset)
 .reset         0x00000000100001e8       0xa0 CMakeFiles/tpm_sniffer_spi.dir/home/iot/pico/pico-sdk/src/rp2_common/pico_standard_link/crt0.S.obj
                0x00000000100001e8                _entry_point
 .reset         0x0000000010000288       0x30 CMakeFiles/tpm_sniffer_spi.dir/home/iot/pico/pico-sdk/src/rp2_common/pico_standard_link/binary_info.c.obj
 *(.init)
 .init          0x00000000100002b8        0x4 /usr/lib/gcc/arm-none-eabi/10.3.1/thumb/v6-m/nofp/crti.o
                0x00000000100002b8                _init
 *(EXCLUDE_FILE(*libm.a: *libc.a:*lib_a-mem*.o *libgcc.a:) .text*)
 .text          0x00000000100002bc       0x98 /usr/lib/gcc/arm-none-eabi/10.3.1/thumb/v6-m/nofp/crtbegin.o
 .text.core1_entry
                0x0000000010000354      0x224 CMakeFiles/tpm_sniffer_spi.dir/main.c.obj
                0x0000000010000354                core1_entry
 .text.startup.main
                0x0000000010000578      0x28c CMakeFiles/tpm_sniffer_spi.dir/main.c.obj
                0x0000000010000578                main
 .text.set_sys_clock_pll
                0x0000000010000804       0x78 CMakeFiles/tpm_sniffer_spi.dir/home/iot/pico/pico-sdk/src/rp2_common/pico_stdlib/stdlib.c.obj
                0x0000000010000804                set_sys_clock_pll
 .text.check_sys_clock_khz
                0x000000001000087c      0x17c CMakeFiles/tpm_sniffer_spi.dir/home/iot/pico/pico-sdk/src/rp2_common/pico_stdlib/stdlib.c.obj
                0x000000001000087c                check_sys_clock_khz
 .text.gpio_set_function
                0x00000000100009f8       0x30 CMakeFiles/tpm_sniffer_spi.dir/home/iot/pico/pico-sdk/src/rp2_common/hardware_gpio/gpio.c.obj
                0x00000000100009f8                gpio_set_function
 .text.gpio_set_pulls
                0x0000000010000a28       0x30 CMakeFiles/tpm_sniffer_spi.dir/home/iot/pico/pico-sdk/src/rp2_common/hardware_gpio/gpio.c.obj
                0x0000000010000a28                gpio_set_pulls
 .text.gpio_init
                0x0000000010000a58       0x3c CMakeFiles/tpm_sniffer_spi.dir/home/iot/pico/pico-sdk/src/rp2_common/hardware_gpio/gpio.c.obj
                0x0000000010000a58                gpio_init
 .text.running_on_fpga
                0x0000000010000a94       0x10 CMakeFiles/tpm_sniffer_spi.dir/home/iot/pico/pico-sdk/src/rp2_common/pico_platform/platform.c.obj
                0x0000000010000a94                running_on_fpga
 .text.hw_claim_lock
                0x0000000010000aa4       0x18 CMakeFiles/tpm_sniffer_spi.dir/home/iot/pico/pico-sdk/src/rp2_common/hardware_claim/claim.c.obj
                0x0000000010000aa4                hw_claim_lock
 .text.hw_claim_unlock
                0x0000000010000abc       0x14 CMakeFiles/tpm_sniffer_spi.dir/home/iot/pico/pico-sdk/src/rp2_common/hardware_claim/claim.c.obj
                0x0000000010000abc                hw_claim_unlock
 .text.hw_claim_or_assert
                0x0000000010000ad0       0x44 CMakeFiles/tpm_sniffer_spi.dir/home/iot/pico/pico-sdk/src/rp2_common/hardware_claim/claim.c.obj
                0x0000000010000ad0                hw_claim_or_assert
 .text.hw_claim_unused_from_range
                0x0000000010000b14       0x9c CMakeFiles/tpm_sniffer_spi.dir/home/iot/pico/pico-sdk/src/rp2_common/hardware_claim/claim.c.obj
                0x0000000010000b14                hw_claim_unused_from_range
 .text.spin_locks_reset
                0x0000000010000bb0       0x1c CMakeFiles/tpm_sniffer_spi.dir/home/iot/pico/pico-sdk/src/rp2_common/hardware_sync/sync.c.obj
                0x0000000010000bb0                spin_locks_reset
 .text.next_striped_spin_lock_num
                0x0000000010000bcc       0x18 CMakeFiles/tpm_sniffer_spi.dir/home/iot/pico/pico-sdk/src/rp2_common/hardware_sync/sync.c.obj
                0x0000000010000bcc                next_striped_spin_lock_num
 .text.spin_lock_claim_unused
                0x0000000010000be4       0x20 CMakeFiles/tpm_sniffer_spi.dir/home/iot/pico/pico-sdk/src/rp2_common/hardware_sync/sync.c.obj
                0x0000000010000be4                spin_lock_claim_unused
 .text.irq_set_enabled
                0x0000000010000c04       0x24 CMakeFiles/tpm_sniffer_spi.dir/home/iot/pico/pico-sdk/src/rp2_common/hardware_irq/irq.c.obj
                0x0000000010000c04                irq_set_enabled
 .text.irq_is_enabled
                0x0000000010000c28       0x18 CMakeFiles/tpm_sniffer_spi.dir/home/iot/pico/pico-sdk/src/rp2_common/hardware_irq/irq.c.obj
                0x0000000010000c28                irq_is_enabled
 .text.irq_set_pending
                0x0000000010000c40       0x10 CMakeFiles/tpm_sniffer_spi.dir/home/iot/pico/pico-sdk/src/rp2_common/hardware_irq/irq.c.obj
                0x0000000010000c40                irq_set_pending
 .text.irq_has_shared_handler
                0x0000000010000c50       0x2c CMakeFiles/tpm_sniffer_spi.dir/home/iot/pico/pico-sdk/src/rp2_common/hardware_irq/irq.c.obj
                0x0000000010000c50                irq_has_shared_handler
 .text.irq_get_vtable_handler
                0x0000000010000c7c       0x10 CMakeFiles/tpm_sniffer_spi.dir/home/iot/pico/pico-sdk/src/rp2_common/hardware_irq/irq.c.obj
                0x0000000010000c7c                irq_get_vtable_handler
 .text.irq_set_exclusive_handler
                0x0000000010000c8c       0x54 CMakeFiles/tpm_sniffer_spi.dir/home/iot/pico/pico-sdk/src/rp2_common/hardware_irq/irq.c.obj
                0x0000000010000c8c                irq_set_exclusive_handler
 .text.irq_add_shared_handler
                0x0000000010000ce0      0x1e8 CMakeFiles/tpm_sniffer_spi.dir/home/iot/pico/pico-sdk/src/rp2_common/hardware_irq/irq.c.obj
                0x0000000010000ce0                irq_add_shared_handler
 .text.irq_remove_handler
                0x0000000010000ec8      0x1b0 CMakeFiles/tpm_sniffer_spi.dir/home/iot/pico/pico-sdk/src/rp2_common/hardware_irq/irq.c.obj
                0x0000000010000ec8                irq_remove_handler
 .text.irq_add_tail_to_free_list
                0x0000000010001078       0xb4 CMakeFiles/tpm_sniffer_spi.dir/home/iot/pico/pico-sdk/src/rp2_common/hardware_irq/irq.c.obj
                0x0000000010001078                irq_add_tail_to_free_list
 .text.irq_init_priorities
                0x000000001000112c       0x24 CMakeFiles/tpm_sniffer_spi.dir/home/iot/pico/pico-sdk/src/rp2_common/hardware_irq/irq.c.obj
                0x000000001000112c                irq_init_priorities
 .text.user_irq_claim_unused
                0x0000000010001150       0x28 CMakeFiles/tpm_sniffer_spi.dir/home/iot/pico/pico-sdk/src/rp2_common/hardware_irq/irq.c.obj
                0x0000000010001150                user_irq_claim_unused
 .text.lock_init
                0x0000000010001178       0x10 CMakeFiles/tpm_sniffer_spi.dir/home/iot/pico/pico-sdk/src/common/pico_sync/lock_core.c.obj
                0x0000000010001178                lock_init
 .text.mutex_init
                0x0000000010001188       0x1c CMakeFiles/tpm_sniffer_spi.dir/home/iot/pico/pico-sdk/src/common/pico_sync/mutex.c.obj
                0x0000000010001188                mutex_init
 .text.recursive_mutex_init
                0x00000000100011a4       0x1c CMakeFiles/tpm_sniffer_spi.dir/home/iot/pico/pico-sdk/src/common/pico_sync/mutex.c.obj
                0x00000000100011a4                recursive_mutex_init
 .text.critical_section_init
                0x00000000100011c0       0x20 CMakeFiles/tpm_sniffer_spi.dir/home/iot/pico/pico-sdk/src/common/pico_sync/critical_section.c.obj
                0x00000000100011c0                critical_section_init
 .text.critical_section_init_with_lock_num
                0x00000000100011e0       0x14 CMakeFiles/tpm_sniffer_spi.dir/home/iot/pico/pico-sdk/src/common/pico_sync/critical_section.c.obj
                0x00000000100011e0                critical_section_init_with_lock_num
 .text.timer_pool_entry_comparator
                0x00000000100011f4       0x34 CMakeFiles/tpm_sniffer_spi.dir/home/iot/pico/pico-sdk/src/common/pico_time/time.c.obj
                0x00000000100011f4                timer_pool_entry_comparator
 .text.sleep_until_callback
                0x0000000010001228       0x30 CMakeFiles/tpm_sniffer_spi.dir/home/iot/pico/pico-sdk/src/common/pico_time/time.c.obj
 .text.add_alarm_under_lock.isra.0
                0x0000000010001258      0x100 CMakeFiles/tpm_sniffer_spi.dir/home/iot/pico/pico-sdk/src/common/pico_time/time.c.obj
 .text.alarm_pool_alarm_callback
                0x0000000010001358      0x1bc CMakeFiles/tpm_sniffer_spi.dir/home/iot/pico/pico-sdk/src/common/pico_time/time.c.obj
 .text.alarm_pool_init_default
                0x0000000010001514       0x6c CMakeFiles/tpm_sniffer_spi.dir/home/iot/pico/pico-sdk/src/common/pico_time/time.c.obj
                0x0000000010001514                alarm_pool_init_default
 .text.alarm_pool_get_default
                0x0000000010001580        0x8 CMakeFiles/tpm_sniffer_spi.dir/home/iot/pico/pico-sdk/src/common/pico_time/time.c.obj
                0x0000000010001580                alarm_pool_get_default
 .text.alarm_pool_add_alarm_at
                0x0000000010001588      0x178 CMakeFiles/tpm_sniffer_spi.dir/home/iot/pico/pico-sdk/src/common/pico_time/time.c.obj
                0x0000000010001588                alarm_pool_add_alarm_at
 .text.alarm_pool_core_num
                0x0000000010001700        0x4 CMakeFiles/tpm_sniffer_spi.dir/home/iot/pico/pico-sdk/src/common/pico_time/time.c.obj
                0x0000000010001700                alarm_pool_core_num
 .text.sleep_until
                0x0000000010001704       0xc4 CMakeFiles/tpm_sniffer_spi.dir/home/iot/pico/pico-sdk/src/common/pico_time/time.c.obj
                0x0000000010001704                sleep_until
 .text.sleep_ms
                0x00000000100017c8       0x34 CMakeFiles/tpm_sniffer_spi.dir/home/iot/pico/pico-sdk/src/common/pico_time/time.c.obj
                0x00000000100017c8                sleep_ms
 .text.best_effort_wfe_or_timeout
                0x00000000100017fc       0xd4 CMakeFiles/tpm_sniffer_spi.dir/home/iot/pico/pico-sdk/src/common/pico_time/time.c.obj
                0x00000000100017fc                best_effort_wfe_or_timeout
 .text.hardware_alarm_irq_handler
                0x00000000100018d0       0xbc CMakeFiles/tpm_sniffer_spi.dir/home/iot/pico/pico-sdk/src/rp2_common/hardware_timer/timer.c.obj
 .text.hardware_alarm_claim
                0x000000001000198c       0x18 CMakeFiles/tpm_sniffer_spi.dir/home/iot/pico/pico-sdk/src/rp2_common/hardware_timer/timer.c.obj
                0x000000001000198c                hardware_alarm_claim
 .text.time_us_64
                0x00000000100019a4       0x14 CMakeFiles/tpm_sniffer_spi.dir/home/iot/pico/pico-sdk/src/rp2_common/hardware_timer/timer.c.obj
                0x00000000100019a4                time_us_64
 .text.busy_wait_us
                0x00000000100019b8       0x54 CMakeFiles/tpm_sniffer_spi.dir/home/iot/pico/pico-sdk/src/rp2_common/hardware_timer/timer.c.obj
                0x00000000100019b8                busy_wait_us
 .text.busy_wait_until
                0x0000000010001a0c       0x20 CMakeFiles/tpm_sniffer_spi.dir/home/iot/pico/pico-sdk/src/rp2_common/hardware_timer/timer.c.obj
                0x0000000010001a0c                busy_wait_until
 .text.hardware_alarm_set_callback
                0x0000000010001a2c       0x8c CMakeFiles/tpm_sniffer_spi.dir/home/iot/pico/pico-sdk/src/rp2_common/hardware_timer/timer.c.obj
                0x0000000010001a2c                hardware_alarm_set_callback
 .text.hardware_alarm_set_target
                0x0000000010001ab8       0xd4 CMakeFiles/tpm_sniffer_spi.dir/home/iot/pico/pico-sdk/src/rp2_common/hardware_timer/timer.c.obj
                0x0000000010001ab8                hardware_alarm_set_target
 .text.hardware_alarm_cancel
                0x0000000010001b8c       0x3c CMakeFiles/tpm_sniffer_spi.dir/home/iot/pico/pico-sdk/src/rp2_common/hardware_timer/timer.c.obj
                0x0000000010001b8c                hardware_alarm_cancel
 .text.ph_merge_nodes
                0x0000000010001bc8       0x68 CMakeFiles/tpm_sniffer_spi.dir/home/iot/pico/pico-sdk/src/common/pico_util/pheap.c.obj
 .text.ph_post_alloc_init
                0x0000000010001c30       0x3c CMakeFiles/tpm_sniffer_spi.dir/home/iot/pico/pico-sdk/src/common/pico_util/pheap.c.obj
                0x0000000010001c30                ph_post_alloc_init
 .text.ph_merge_two_pass
                0x0000000010001c6c       0x90 CMakeFiles/tpm_sniffer_spi.dir/home/iot/pico/pico-sdk/src/common/pico_util/pheap.c.obj
                0x0000000010001c6c                ph_merge_two_pass
 .text.ph_remove_any_head
                0x0000000010001cfc      0x100 CMakeFiles/tpm_sniffer_spi.dir/home/iot/pico/pico-sdk/src/common/pico_util/pheap.c.obj
 .text.ph_remove_head
                0x0000000010001dfc      0x104 CMakeFiles/tpm_sniffer_spi.dir/home/iot/pico/pico-sdk/src/common/pico_util/pheap.c.obj
                0x0000000010001dfc                ph_remove_head
 .text.ph_remove_and_free_node
                0x0000000010001f00       0x7c CMakeFiles/tpm_sniffer_spi.dir/home/iot/pico/pico-sdk/src/common/pico_util/pheap.c.obj
                0x0000000010001f00                ph_remove_and_free_node
 .text.uart_init
                0x0000000010001f7c      0x188 CMakeFiles/tpm_sniffer_spi.dir/home/iot/pico/pico-sdk/src/rp2_common/hardware_uart/uart.c.obj
                0x0000000010001f7c                uart_init
 .text.clock_configure
                0x0000000010002104      0x118 CMakeFiles/tpm_sniffer_spi.dir/home/iot/pico/pico-sdk/src/rp2_common/hardware_clocks/clocks.c.obj
                0x0000000010002104                clock_configure
 .text.clocks_init
                0x000000001000221c      0x2d0 CMakeFiles/tpm_sniffer_spi.dir/home/iot/pico/pico-sdk/src/rp2_common/hardware_clocks/clocks.c.obj
                0x000000001000221c                clocks_init
 .text.clock_get_hz
                0x00000000100024ec        0xc CMakeFiles/tpm_sniffer_spi.dir/home/iot/pico/pico-sdk/src/rp2_common/hardware_clocks/clocks.c.obj
                0x00000000100024ec                clock_get_hz
 .text.pll_init
                0x00000000100024f8       0xa0 CMakeFiles/tpm_sniffer_spi.dir/home/iot/pico/pico-sdk/src/rp2_common/hardware_pll/pll.c.obj
                0x00000000100024f8                pll_init
 .text.watchdog_start_tick
                0x0000000010002598       0x10 CMakeFiles/tpm_sniffer_spi.dir/home/iot/pico/pico-sdk/src/rp2_common/hardware_watchdog/watchdog.c.obj
                0x0000000010002598                watchdog_start_tick
 .text.watchdog_reboot
                0x00000000100025a8       0x98 CMakeFiles/tpm_sniffer_spi.dir/home/iot/pico/pico-sdk/src/rp2_common/hardware_watchdog/watchdog.c.obj
                0x00000000100025a8                watchdog_reboot
 .text.xosc_init
                0x0000000010002640       0x28 CMakeFiles/tpm_sniffer_spi.dir/home/iot/pico/pico-sdk/src/rp2_common/hardware_xosc/xosc.c.obj
                0x0000000010002640                xosc_init
 .text.runtime_init
                0x0000000010002668       0xf0 CMakeFiles/tpm_sniffer_spi.dir/home/iot/pico/pico-sdk/src/rp2_common/pico_runtime/runtime.c.obj
                0x0000000010002668                runtime_init
 .text._exit    0x0000000010002758        0x4 CMakeFiles/tpm_sniffer_spi.dir/home/iot/pico/pico-sdk/src/rp2_common/pico_runtime/runtime.c.obj
                0x0000000010002758                _exit
 .text.exit     0x000000001000275c        0x8 CMakeFiles/tpm_sniffer_spi.dir/home/iot/pico/pico-sdk/src/rp2_common/pico_runtime/runtime.c.obj
                0x000000001000275c                exit
 .text.panic    0x0000000010002764       0x30 CMakeFiles/tpm_sniffer_spi.dir/home/iot/pico/pico-sdk/src/rp2_common/pico_runtime/runtime.c.obj
                0x0000000010002764                panic
 .text.hard_assertion_failure
                0x0000000010002794        0xc CMakeFiles/tpm_sniffer_spi.dir/home/iot/pico/pico-sdk/src/rp2_common/pico_runtime/runtime.c.obj
                0x0000000010002794                hard_assertion_failure
 .text._out_null
                0x00000000100027a0        0x4 CMakeFiles/tpm_sniffer_spi.dir/home/iot/pico/pico-sdk/src/rp2_common/pico_printf/printf.c.obj
 .text._out_rev
                0x00000000100027a4       0x9c CMakeFiles/tpm_sniffer_spi.dir/home/iot/pico/pico-sdk/src/rp2_common/pico_printf/printf.c.obj
 .text._ntoa_format
                0x0000000010002840      0x1cc CMakeFiles/tpm_sniffer_spi.dir/home/iot/pico/pico-sdk/src/rp2_common/pico_printf/printf.c.obj
 .text._out_char
                0x0000000010002a0c       0x10 CMakeFiles/tpm_sniffer_spi.dir/home/iot/pico/pico-sdk/src/rp2_common/pico_printf/printf.c.obj
 .text._out_fct
                0x0000000010002a1c       0x10 CMakeFiles/tpm_sniffer_spi.dir/home/iot/pico/pico-sdk/src/rp2_common/pico_printf/printf.c.obj
 .text._etoa    0x0000000010002a2c      0x44c CMakeFiles/tpm_sniffer_spi.dir/home/iot/pico/pico-sdk/src/rp2_common/pico_printf/printf.c.obj
 .text._ftoa    0x0000000010002e78      0x398 CMakeFiles/tpm_sniffer_spi.dir/home/iot/pico/pico-sdk/src/rp2_common/pico_printf/printf.c.obj
 .text._vsnprintf
                0x0000000010003210      0xb04 CMakeFiles/tpm_sniffer_spi.dir/home/iot/pico/pico-sdk/src/rp2_common/pico_printf/printf.c.obj
 .text.vfctprintf
                0x0000000010003d14       0x20 CMakeFiles/tpm_sniffer_spi.dir/home/iot/pico/pico-sdk/src/rp2_common/pico_printf/printf.c.obj
                0x0000000010003d14                vfctprintf
 .text.weak_raw_vprintf
                0x0000000010003d34       0x30 CMakeFiles/tpm_sniffer_spi.dir/home/iot/pico/pico-sdk/src/rp2_common/pico_printf/printf.c.obj
                0x0000000010003d34                weak_raw_vprintf
 .text          0x0000000010003d64       0x10 CMakeFiles/tpm_sniffer_spi.dir/home/iot/pico/pico-sdk/src/rp2_common/pico_bit_ops/bit_ops_aeabi.S.obj
 .text.rom_func_lookup
                0x0000000010003d74       0x10 CMakeFiles/tpm_sniffer_spi.dir/home/iot/pico/pico-sdk/src/rp2_common/pico_bootrom/bootrom.c.obj
                0x0000000010003d74                rom_func_lookup
 .text.rom_data_lookup
                0x0000000010003d84       0x10 CMakeFiles/tpm_sniffer_spi.dir/home/iot/pico/pico-sdk/src/rp2_common/pico_bootrom/bootrom.c.obj
                0x0000000010003d84                rom_data_lookup
 .text.rom_funcs_lookup
                0x0000000010003d94       0x44 CMakeFiles/tpm_sniffer_spi.dir/home/iot/pico/pico-sdk/src/rp2_common/pico_bootrom/bootrom.c.obj
                0x0000000010003d94                rom_funcs_lookup
 .text.__wrap___aeabi_idiv
                0x0000000010003dd8       0x50 CMakeFiles/tpm_sniffer_spi.dir/home/iot/pico/pico-sdk/src/rp2_common/pico_divider/divider.S.obj
                0x0000000010003dd8                __wrap___aeabi_idivmod
                0x0000000010003dd8                divmod_s32s32
                0x0000000010003dd8                div_s32s32
                0x0000000010003dd8                __wrap___aeabi_idiv
                0x0000000010003de0                divmod_s32s32_unsafe
                0x0000000010003e0c                divmod_s32s32_savestate
 .text.__wrap___aeabi_uidiv
                0x0000000010003e28       0x4c CMakeFiles/tpm_sniffer_spi.dir/home/iot/pico/pico-sdk/src/rp2_common/pico_divider/divider.S.obj
                0x0000000010003e28                __wrap___aeabi_uidiv
                0x0000000010003e28                __wrap___aeabi_uidivmod
                0x0000000010003e28                div_u32u32
                0x0000000010003e28                divmod_u32u32
                0x0000000010003e30                divmod_u32u32_unsafe
                0x0000000010003e58                divmod_u32u32_savestate
 .text.__wrap___aeabi_ldiv
                0x0000000010003e74      0x424 CMakeFiles/tpm_sniffer_spi.dir/home/iot/pico/pico-sdk/src/rp2_common/pico_divider/divider.S.obj
                0x0000000010003e74                div_s64s64
                0x0000000010003e74                divmod_s64s64
                0x0000000010003e74                __wrap___aeabi_ldivmod
                0x0000000010003ea4                div_u64u64
                0x0000000010003ea4                divmod_u64u64
                0x0000000010003ea4                __wrap___aeabi_uldivmod
                0x0000000010003eb4                divmod_u64u64_savestate
                0x0000000010003ed4                divmod_s64s64_unsafe
                0x0000000010003f5c                divmod_u64u64_unsafe
 .text.__wrap___aeabi_darithmetic
                0x0000000010004298       0x80 CMakeFiles/tpm_sniffer_spi.dir/home/iot/pico/pico-sdk/src/rp2_common/pico_double/double_aeabi.S.obj
                0x0000000010004298                __wrap___aeabi_drsub
                0x000000001000429e                __wrap___aeabi_dsub
                0x00000000100042b0                __wrap___aeabi_dadd
                0x00000000100042c2                __wrap___aeabi_ddiv
                0x00000000100042fe                __wrap___aeabi_dmul
 .text.__wrap___aeabi_cdcmple
                0x0000000010004318       0x6c CMakeFiles/tpm_sniffer_spi.dir/home/iot/pico/pico-sdk/src/rp2_common/pico_double/double_aeabi.S.obj
                0x0000000010004318                __wrap___aeabi_cdrcmple
                0x0000000010004328                __wrap___aeabi_cdcmple
                0x0000000010004328                __wrap___aeabi_cdcmpeq
 .text.__wrap___aeabi_dcmplt
                0x0000000010004384        0xc CMakeFiles/tpm_sniffer_spi.dir/home/iot/pico/pico-sdk/src/rp2_common/pico_double/double_aeabi.S.obj
                0x0000000010004384                __wrap___aeabi_dcmplt
 .text.__wrap___aeabi_dcmple
                0x0000000010004390       0x10 CMakeFiles/tpm_sniffer_spi.dir/home/iot/pico/pico-sdk/src/rp2_common/pico_double/double_aeabi.S.obj
                0x0000000010004390                __wrap___aeabi_dcmple
 .text.__wrap___aeabi_dcmpge
                0x00000000100043a0       0x10 CMakeFiles/tpm_sniffer_spi.dir/home/iot/pico/pico-sdk/src/rp2_common/pico_double/double_aeabi.S.obj
                0x00000000100043a0                __wrap___aeabi_dcmpge
 .text.__wrap___aeabi_dcmpgt
                0x00000000100043b0        0xa CMakeFiles/tpm_sniffer_spi.dir/home/iot/pico/pico-sdk/src/rp2_common/pico_double/double_aeabi.S.obj
                0x00000000100043b0                __wrap___aeabi_dcmpgt
 .text.__wrap___aeabi_dcmpun
                0x00000000100043ba       0x1c CMakeFiles/tpm_sniffer_spi.dir/home/iot/pico/pico-sdk/src/rp2_common/pico_double/double_aeabi.S.obj
                0x00000000100043ba                __wrap___aeabi_dcmpun
 *fill*         0x00000000100043d6        0x2 
 .text.__wrap___aeabi_i2d
                0x00000000100043d8       0x38 CMakeFiles/tpm_sniffer_spi.dir/home/iot/pico/pico-sdk/src/rp2_common/pico_double/double_aeabi.S.obj
                0x00000000100043d8                __wrap___aeabi_ui2d
                0x00000000100043e0                __wrap___aeabi_i2d
 .text.__wrap___aeabi_d2iz
                0x0000000010004410       0x48 CMakeFiles/tpm_sniffer_spi.dir/home/iot/pico/pico-sdk/src/rp2_common/pico_double/double_aeabi.S.obj
                0x0000000010004410                __wrap___aeabi_d2iz
                0x0000000010004410                double2int_z
 .text.__wrap___aeabi_d2uiz
                0x0000000010004458       0x18 CMakeFiles/tpm_sniffer_spi.dir/home/iot/pico/pico-sdk/src/rp2_common/pico_double/double_aeabi.S.obj
                0x0000000010004458                double2uint
                0x0000000010004458                __wrap___aeabi_d2uiz
 .text.__aeabi_double_init
                0x0000000010004470       0x94 CMakeFiles/tpm_sniffer_spi.dir/home/iot/pico/pico-sdk/src/rp2_common/pico_double/double_init_rom.c.obj
                0x0000000010004470                __aeabi_double_init
 .text.double_table_shim_on_use_helper
                0x0000000010004504       0x2c CMakeFiles/tpm_sniffer_spi.dir/home/iot/pico/pico-sdk/src/rp2_common/pico_double/double_v1_rom_shim.S.obj
                0x0000000010004504                double_table_shim_on_use_helper
 .text.__wrap___aeabi_dsub
                0x0000000010004530       0x10 CMakeFiles/tpm_sniffer_spi.dir/home/iot/pico/pico-sdk/src/rp2_common/pico_double/double_v1_rom_shim.S.obj
                0x0000000010004530                drsub_shim
                0x0000000010004536                dsub_shim
 .text.dadd_shim
                0x0000000010004540      0x15c CMakeFiles/tpm_sniffer_spi.dir/home/iot/pico/pico-sdk/src/rp2_common/pico_double/double_v1_rom_shim.S.obj
                0x0000000010004540                dadd_shim
 .text.dmul_shim
                0x000000001000469c      0x15c CMakeFiles/tpm_sniffer_spi.dir/home/iot/pico/pico-sdk/src/rp2_common/pico_double/double_v1_rom_shim.S.obj
                0x000000001000469c                dmul_shim
 .text.ddiv_shim
                0x00000000100047f8      0x1b0 CMakeFiles/tpm_sniffer_spi.dir/home/iot/pico/pico-sdk/src/rp2_common/pico_double/double_v1_rom_shim.S.obj
                0x00000000100047f8                ddiv_shim
 .text.double2uint_shim
                0x00000000100049a8        0xe CMakeFiles/tpm_sniffer_spi.dir/home/iot/pico/pico-sdk/src/rp2_common/pico_double/double_v1_rom_shim.S.obj
                0x00000000100049a8                double2uint_shim
                0x00000000100049aa                double2ufix_shim
 *fill*         0x00000000100049b6        0x2 
 .text.double2uint64_shim
                0x00000000100049b8       0x70 CMakeFiles/tpm_sniffer_spi.dir/home/iot/pico/pico-sdk/src/rp2_common/pico_double/double_v1_rom_shim.S.obj
                0x00000000100049b8                double2uint64_shim
                0x00000000100049ba                double2ufix64_shim
                0x00000000100049da                d2fix_a
 .text.dunpacks
                0x0000000010004a28       0x3c CMakeFiles/tpm_sniffer_spi.dir/home/iot/pico/pico-sdk/src/rp2_common/pico_double/double_v1_rom_shim.S.obj
                0x0000000010004a28                dunpacks
 .text.__aeabi_lmul
                0x0000000010004a64       0x32 CMakeFiles/tpm_sniffer_spi.dir/home/iot/pico/pico-sdk/src/rp2_common/pico_int64_ops/pico_int64_ops_aeabi.S.obj
                0x0000000010004a64                __wrap___aeabi_lmul
 .text.__wrap___aeabi_ui2f
                0x0000000010004a96        0xa CMakeFiles/tpm_sniffer_spi.dir/home/iot/pico/pico-sdk/src/rp2_common/pico_float/float_aeabi.S.obj
                0x0000000010004a96                __wrap___aeabi_ui2f
 .text.__wrap___aeabi_i2f
                0x0000000010004aa0       0x44 CMakeFiles/tpm_sniffer_spi.dir/home/iot/pico/pico-sdk/src/rp2_common/pico_float/float_aeabi.S.obj
                0x0000000010004aa0                __wrap___aeabi_i2f
 .text.__wrap___aeabi_f2d
                0x0000000010004ae4       0x14 CMakeFiles/tpm_sniffer_spi.dir/home/iot/pico/pico-sdk/src/rp2_common/pico_float/float_aeabi.S.obj
                0x0000000010004ae4                __wrap___aeabi_f2d
 .text.__aeabi_float_init
                0x0000000010004af8       0x64 CMakeFiles/tpm_sniffer_spi.dir/home/iot/pico/pico-sdk/src/rp2_common/pico_float/float_init_rom.c.obj
                0x0000000010004af8                __aeabi_float_init
 .text.float_table_shim_on_use_helper
                0x0000000010004b5c       0x2c CMakeFiles/tpm_sniffer_spi.dir/home/iot/pico/pico-sdk/src/rp2_common/pico_float/float_v1_rom_shim.S.obj
                0x0000000010004b5c                float_table_shim_on_use_helper
 .text.float2double_shim
                0x0000000010004b88       0x30 CMakeFiles/tpm_sniffer_spi.dir/home/iot/pico/pico-sdk/src/rp2_common/pico_float/float_v1_rom_shim.S.obj
                0x0000000010004b88                float2double_shim
 .text          0x0000000010004bb8       0x10 CMakeFiles/tpm_sniffer_spi.dir/home/iot/pico/pico-sdk/src/rp2_common/pico_mem_ops/mem_ops_aeabi.S.obj
                0x0000000010004bb8                __aeabi_mem_init
 .text.memset   0x0000000010004bc8        0xc CMakeFiles/tpm_sniffer_spi.dir/home/iot/pico/pico-sdk/src/rp2_common/pico_mem_ops/mem_ops_aeabi.S.obj
                0x0000000010004bc8                __wrap_memset
 .text.memcpy   0x0000000010004bd4        0xc CMakeFiles/tpm_sniffer_spi.dir/home/iot/pico/pico-sdk/src/rp2_common/pico_mem_ops/mem_ops_aeabi.S.obj
                0x0000000010004bd4                __wrap___aeabi_memcpy
                0x0000000010004bd4                __wrap_memcpy
 .text.stdio_out_chars_no_crlf
                0x0000000010004be0       0x10 CMakeFiles/tpm_sniffer_spi.dir/home/iot/pico/pico-sdk/src/rp2_common/pico_stdio/stdio.c.obj
 .text.stdio_out_chars_crlf
                0x0000000010004bf0       0xb4 CMakeFiles/tpm_sniffer_spi.dir/home/iot/pico/pico-sdk/src/rp2_common/pico_stdio/stdio.c.obj
 .text.stdio_buffered_printer
                0x0000000010004ca4       0x64 CMakeFiles/tpm_sniffer_spi.dir/home/iot/pico/pico-sdk/src/rp2_common/pico_stdio/stdio.c.obj
 .text.stdio_put_string.isra.0
                0x0000000010004d08       0xfc CMakeFiles/tpm_sniffer_spi.dir/home/iot/pico/pico-sdk/src/rp2_common/pico_stdio/stdio.c.obj
 .text.__wrap_putchar
                0x0000000010004e04       0x98 CMakeFiles/tpm_sniffer_spi.dir/home/iot/pico/pico-sdk/src/rp2_common/pico_stdio/stdio.c.obj
                0x0000000010004e04                __wrap_putchar
 .text.__wrap_puts
                0x0000000010004e9c       0x3c CMakeFiles/tpm_sniffer_spi.dir/home/iot/pico/pico-sdk/src/rp2_common/pico_stdio/stdio.c.obj
                0x0000000010004e9c                __wrap_puts
 .text.stdio_set_driver_enabled
                0x0000000010004ed8       0x30 CMakeFiles/tpm_sniffer_spi.dir/home/iot/pico/pico-sdk/src/rp2_common/pico_stdio/stdio.c.obj
                0x0000000010004ed8                stdio_set_driver_enabled
 .text.__wrap_vprintf
                0x0000000010004f08       0xd8 CMakeFiles/tpm_sniffer_spi.dir/home/iot/pico/pico-sdk/src/rp2_common/pico_stdio/stdio.c.obj
                0x0000000010004f08                __wrap_vprintf
 .text.__wrap_printf
                0x0000000010004fe0       0x18 CMakeFiles/tpm_sniffer_spi.dir/home/iot/pico/pico-sdk/src/rp2_common/pico_stdio/stdio.c.obj
                0x0000000010004fe0                __wrap_printf
 .text.stdio_init_all
                0x0000000010004ff8       0x10 CMakeFiles/tpm_sniffer_spi.dir/home/iot/pico/pico-sdk/src/rp2_common/pico_stdio/stdio.c.obj
                0x0000000010004ff8                stdio_init_all
 .text.stdio_uart_out_chars
                0x0000000010005008       0x4c CMakeFiles/tpm_sniffer_spi.dir/home/iot/pico/pico-sdk/src/rp2_common/pico_stdio_uart/stdio_uart.c.obj
 .text.stdio_uart_in_chars
                0x0000000010005054       0x84 CMakeFiles/tpm_sniffer_spi.dir/home/iot/pico/pico-sdk/src/rp2_common/pico_stdio_uart/stdio_uart.c.obj
                0x0000000010005054                stdio_uart_in_chars
 .text.on_uart_rx
                0x00000000100050d8       0x28 CMakeFiles/tpm_sniffer_spi.dir/home/iot/pico/pico-sdk/src/rp2_common/pico_stdio_uart/stdio_uart.c.obj
 .text.stdio_uart_set_chars_available_callback
                0x0000000010005100       0x8c CMakeFiles/tpm_sniffer_spi.dir/home/iot/pico/pico-sdk/src/rp2_common/pico_stdio_uart/stdio_uart.c.obj
 .text.stdio_uart_init
                0x000000001000518c       0x48 CMakeFiles/tpm_sniffer_spi.dir/home/iot/pico/pico-sdk/src/rp2_common/pico_stdio_uart/stdio_uart.c.obj
                0x000000001000518c                stdio_uart_init
 .text.resetd_init
                0x00000000100051d4        0x4 CMakeFiles/tpm_sniffer_spi.dir/home/iot/pico/pico-sdk/src/rp2_common/pico_stdio_usb/reset_interface.c.obj
 .text.resetd_reset
                0x00000000100051d8        0xc CMakeFiles/tpm_sniffer_spi.dir/home/iot/pico/pico-sdk/src/rp2_common/pico_stdio_usb/reset_interface.c.obj
 .text.resetd_open
                0x00000000100051e4       0x28 CMakeFiles/tpm_sniffer_spi.dir/home/iot/pico/pico-sdk/src/rp2_common/pico_stdio_usb/reset_interface.c.obj
 .text.resetd_xfer_cb
                0x000000001000520c        0x4 CMakeFiles/tpm_sniffer_spi.dir/home/iot/pico/pico-sdk/src/rp2_common/pico_stdio_usb/reset_interface.c.obj
 .text.resetd_control_xfer_cb
                0x0000000010005210       0x64 CMakeFiles/tpm_sniffer_spi.dir/home/iot/pico/pico-sdk/src/rp2_common/pico_stdio_usb/reset_interface.c.obj
 .text.usbd_app_driver_get_cb
                0x0000000010005274        0xc CMakeFiles/tpm_sniffer_spi.dir/home/iot/pico/pico-sdk/src/rp2_common/pico_stdio_usb/reset_interface.c.obj
                0x0000000010005274                usbd_app_driver_get_cb
 .text.tud_cdc_line_coding_cb
                0x0000000010005280       0x34 CMakeFiles/tpm_sniffer_spi.dir/home/iot/pico/pico-sdk/src/rp2_common/pico_stdio_usb/reset_interface.c.obj
                0x0000000010005280                tud_cdc_line_coding_cb
 .text.stdio_usb_set_chars_available_callback
                0x00000000100052b4       0x14 CMakeFiles/tpm_sniffer_spi.dir/home/iot/pico/pico-sdk/src/rp2_common/pico_stdio_usb/stdio_usb.c.obj
                0x00000000100052b4                stdio_usb_set_chars_available_callback
 .text.usb_irq  0x00000000100052c8       0x10 CMakeFiles/tpm_sniffer_spi.dir/home/iot/pico/pico-sdk/src/rp2_common/pico_stdio_usb/stdio_usb.c.obj
 .text.timer_task
                0x00000000100052d8       0x54 CMakeFiles/tpm_sniffer_spi.dir/home/iot/pico/pico-sdk/src/rp2_common/pico_stdio_usb/stdio_usb.c.obj
 .text.stdio_usb_in_chars
                0x000000001000532c       0x90 CMakeFiles/tpm_sniffer_spi.dir/home/iot/pico/pico-sdk/src/rp2_common/pico_stdio_usb/stdio_usb.c.obj
                0x000000001000532c                stdio_usb_in_chars
 .text.stdio_usb_out_chars
                0x00000000100053bc      0x100 CMakeFiles/tpm_sniffer_spi.dir/home/iot/pico/pico-sdk/src/rp2_common/pico_stdio_usb/stdio_usb.c.obj
 .text.low_priority_worker_irq
                0x00000000100054bc       0xa8 CMakeFiles/tpm_sniffer_spi.dir/home/iot/pico/pico-sdk/src/rp2_common/pico_stdio_usb/stdio_usb.c.obj
 .text.tud_cdc_rx_cb
                0x0000000010005564       0x20 CMakeFiles/tpm_sniffer_spi.dir/home/iot/pico/pico-sdk/src/rp2_common/pico_stdio_usb/stdio_usb.c.obj
                0x0000000010005564                tud_cdc_rx_cb
 .text.stdio_usb_init
                0x0000000010005584       0xdc CMakeFiles/tpm_sniffer_spi.dir/home/iot/pico/pico-sdk/src/rp2_common/pico_stdio_usb/stdio_usb.c.obj
                0x0000000010005584                stdio_usb_init
 .text.stdio_usb_connected
                0x0000000010005660        0xc CMakeFiles/tpm_sniffer_spi.dir/home/iot/pico/pico-sdk/src/rp2_common/pico_stdio_usb/stdio_usb.c.obj
                0x0000000010005660                stdio_usb_connected
 .text.tud_descriptor_device_cb
                0x000000001000566c        0x8 CMakeFiles/tpm_sniffer_spi.dir/home/iot/pico/pico-sdk/src/rp2_common/pico_stdio_usb/stdio_usb_descriptors.c.obj
                0x000000001000566c                tud_descriptor_device_cb
 .text.tud_descriptor_configuration_cb
                0x0000000010005674        0x8 CMakeFiles/tpm_sniffer_spi.dir/home/iot/pico/pico-sdk/src/rp2_common/pico_stdio_usb/stdio_usb_descriptors.c.obj
                0x0000000010005674                tud_descriptor_configuration_cb
 .text.tud_descriptor_string_cb
                0x000000001000567c       0x74 CMakeFiles/tpm_sniffer_spi.dir/home/iot/pico/pico-sdk/src/rp2_common/pico_stdio_usb/stdio_usb_descriptors.c.obj
                0x000000001000567c                tud_descriptor_string_cb
 .text.startup._retrieve_unique_id_on_boot
                0x00000000100056f0       0x10 CMakeFiles/tpm_sniffer_spi.dir/home/iot/pico/pico-sdk/src/rp2_common/pico_unique_id/unique_id.c.obj
 .text.pico_get_unique_board_id_string
                0x0000000010005700      0x1a8 CMakeFiles/tpm_sniffer_spi.dir/home/iot/pico/pico-sdk/src/rp2_common/pico_unique_id/unique_id.c.obj
                0x0000000010005700                pico_get_unique_board_id_string
 .text.flash_get_unique_id
                0x00000000100058a8       0x40 CMakeFiles/tpm_sniffer_spi.dir/home/iot/pico/pico-sdk/src/rp2_common/hardware_flash/flash.c.obj
                0x00000000100058a8                flash_get_unique_id
 .text.dcd_int_enable
                0x00000000100058e8        0xc CMakeFiles/tpm_sniffer_spi.dir/home/iot/pico/pico-sdk/lib/tinyusb/src/portable/raspberrypi/rp2040/dcd_rp2040.c.obj
                0x00000000100058e8                dcd_int_enable
 .text.dcd_set_address
                0x00000000100058f4       0x14 CMakeFiles/tpm_sniffer_spi.dir/home/iot/pico/pico-sdk/lib/tinyusb/src/portable/raspberrypi/rp2040/dcd_rp2040.c.obj
                0x00000000100058f4                dcd_set_address
 .text.dcd_connect
                0x0000000010005908       0x10 CMakeFiles/tpm_sniffer_spi.dir/home/iot/pico/pico-sdk/lib/tinyusb/src/portable/raspberrypi/rp2040/dcd_rp2040.c.obj
                0x0000000010005908                dcd_connect
 .text.dcd_init
                0x0000000010005918       0x98 CMakeFiles/tpm_sniffer_spi.dir/home/iot/pico/pico-sdk/lib/tinyusb/src/portable/raspberrypi/rp2040/dcd_rp2040.c.obj
                0x0000000010005918                dcd_init
 .text.dcd_edpt0_status_complete
                0x00000000100059b0       0x1c CMakeFiles/tpm_sniffer_spi.dir/home/iot/pico/pico-sdk/lib/tinyusb/src/portable/raspberrypi/rp2040/dcd_rp2040.c.obj
                0x00000000100059b0                dcd_edpt0_status_complete
 .text.dcd_edpt_open
                0x00000000100059cc      0x108 CMakeFiles/tpm_sniffer_spi.dir/home/iot/pico/pico-sdk/lib/tinyusb/src/portable/raspberrypi/rp2040/dcd_rp2040.c.obj
                0x00000000100059cc                dcd_edpt_open
 .text.dcd_edpt_close_all
                0x0000000010005ad4        0x8 CMakeFiles/tpm_sniffer_spi.dir/home/iot/pico/pico-sdk/lib/tinyusb/src/portable/raspberrypi/rp2040/dcd_rp2040.c.obj
                0x0000000010005ad4                dcd_edpt_close_all
 .text.dcd_edpt_xfer
                0x0000000010005adc       0x24 CMakeFiles/tpm_sniffer_spi.dir/home/iot/pico/pico-sdk/lib/tinyusb/src/portable/raspberrypi/rp2040/dcd_rp2040.c.obj
                0x0000000010005adc                dcd_edpt_xfer
 .text.dcd_edpt_stall
                0x0000000010005b00       0x38 CMakeFiles/tpm_sniffer_spi.dir/home/iot/pico/pico-sdk/lib/tinyusb/src/portable/raspberrypi/rp2040/dcd_rp2040.c.obj
                0x0000000010005b00                dcd_edpt_stall
 .text.dcd_edpt_clear_stall
                0x0000000010005b38       0x30 CMakeFiles/tpm_sniffer_spi.dir/home/iot/pico/pico-sdk/lib/tinyusb/src/portable/raspberrypi/rp2040/dcd_rp2040.c.obj
                0x0000000010005b38                dcd_edpt_clear_stall
 .text.rp2040_usb_init
                0x0000000010005b68       0x4c CMakeFiles/tpm_sniffer_spi.dir/home/iot/pico/pico-sdk/lib/tinyusb/src/portable/raspberrypi/rp2040/rp2040_usb.c.obj
                0x0000000010005b68                rp2040_usb_init
 .text.hw_endpoint_xfer_start
                0x0000000010005bb4       0x50 CMakeFiles/tpm_sniffer_spi.dir/home/iot/pico/pico-sdk/lib/tinyusb/src/portable/raspberrypi/rp2040/rp2040_usb.c.obj
                0x0000000010005bb4                hw_endpoint_xfer_start
 .text.tud_mounted
                0x0000000010005c04       0x10 CMakeFiles/tpm_sniffer_spi.dir/home/iot/pico/pico-sdk/lib/tinyusb/src/device/usbd.c.obj
                0x0000000010005c04                tud_mounted
 .text.tud_suspended
                0x0000000010005c14       0x10 CMakeFiles/tpm_sniffer_spi.dir/home/iot/pico/pico-sdk/lib/tinyusb/src/device/usbd.c.obj
                0x0000000010005c14                tud_suspended
 .text.tud_inited
                0x0000000010005c24       0x14 CMakeFiles/tpm_sniffer_spi.dir/home/iot/pico/pico-sdk/lib/tinyusb/src/device/usbd.c.obj
                0x0000000010005c24                tud_inited
 .text.tud_init
                0x0000000010005c38       0xe4 CMakeFiles/tpm_sniffer_spi.dir/home/iot/pico/pico-sdk/lib/tinyusb/src/device/usbd.c.obj
                0x0000000010005c38                tud_init
 .text.tud_task_ext
                0x0000000010005d1c      0x854 CMakeFiles/tpm_sniffer_spi.dir/home/iot/pico/pico-sdk/lib/tinyusb/src/device/usbd.c.obj
                0x0000000010005d1c                tud_task_ext
 .text.usbd_open_edpt_pair
                0x0000000010006570       0x9c CMakeFiles/tpm_sniffer_spi.dir/home/iot/pico/pico-sdk/lib/tinyusb/src/device/usbd.c.obj
                0x0000000010006570                usbd_open_edpt_pair
 .text.usbd_defer_func
                0x000000001000660c       0x48 CMakeFiles/tpm_sniffer_spi.dir/home/iot/pico/pico-sdk/lib/tinyusb/src/device/usbd.c.obj
                0x000000001000660c                usbd_defer_func
 .text.usbd_edpt_open
                0x0000000010006654       0x34 CMakeFiles/tpm_sniffer_spi.dir/home/iot/pico/pico-sdk/lib/tinyusb/src/device/usbd.c.obj
                0x0000000010006654                usbd_edpt_open
 .text.usbd_edpt_claim
                0x0000000010006688       0x28 CMakeFiles/tpm_sniffer_spi.dir/home/iot/pico/pico-sdk/lib/tinyusb/src/device/usbd.c.obj
                0x0000000010006688                usbd_edpt_claim
 .text.usbd_edpt_release
                0x00000000100066b0       0x28 CMakeFiles/tpm_sniffer_spi.dir/home/iot/pico/pico-sdk/lib/tinyusb/src/device/usbd.c.obj
                0x00000000100066b0                usbd_edpt_release
 .text.usbd_edpt_xfer
                0x00000000100066d8       0x4c CMakeFiles/tpm_sniffer_spi.dir/home/iot/pico/pico-sdk/lib/tinyusb/src/device/usbd.c.obj
                0x00000000100066d8                usbd_edpt_xfer
 .text.tud_control_status
                0x0000000010006724       0x30 CMakeFiles/tpm_sniffer_spi.dir/home/iot/pico/pico-sdk/lib/tinyusb/src/device/usbd_control.c.obj
                0x0000000010006724                tud_control_status
 .text.tud_control_xfer
                0x0000000010006754       0xbc CMakeFiles/tpm_sniffer_spi.dir/home/iot/pico/pico-sdk/lib/tinyusb/src/device/usbd_control.c.obj
                0x0000000010006754                tud_control_xfer
 .text.usbd_control_reset
                0x0000000010006810       0x14 CMakeFiles/tpm_sniffer_spi.dir/home/iot/pico/pico-sdk/lib/tinyusb/src/device/usbd_control.c.obj
                0x0000000010006810                usbd_control_reset
 .text.usbd_control_set_complete_callback
                0x0000000010006824        0xc CMakeFiles/tpm_sniffer_spi.dir/home/iot/pico/pico-sdk/lib/tinyusb/src/device/usbd_control.c.obj
                0x0000000010006824                usbd_control_set_complete_callback
 .text.usbd_control_set_request
                0x0000000010006830       0x1c CMakeFiles/tpm_sniffer_spi.dir/home/iot/pico/pico-sdk/lib/tinyusb/src/device/usbd_control.c.obj
                0x0000000010006830                usbd_control_set_request
 .text.usbd_control_xfer_cb
                0x000000001000684c       0xfc CMakeFiles/tpm_sniffer_spi.dir/home/iot/pico/pico-sdk/lib/tinyusb/src/device/usbd_control.c.obj
                0x000000001000684c                usbd_control_xfer_cb
 .text.tud_cdc_n_connected
                0x0000000010006948       0x30 CMakeFiles/tpm_sniffer_spi.dir/home/iot/pico/pico-sdk/lib/tinyusb/src/class/cdc/cdc_device.c.obj
                0x0000000010006948                tud_cdc_n_connected
 .text.tud_cdc_n_available
                0x0000000010006978       0x18 CMakeFiles/tpm_sniffer_spi.dir/home/iot/pico/pico-sdk/lib/tinyusb/src/class/cdc/cdc_device.c.obj
                0x0000000010006978                tud_cdc_n_available
 .text.tud_cdc_n_read
                0x0000000010006990       0x70 CMakeFiles/tpm_sniffer_spi.dir/home/iot/pico/pico-sdk/lib/tinyusb/src/class/cdc/cdc_device.c.obj
                0x0000000010006990                tud_cdc_n_read
 .text.tud_cdc_n_write_flush
                0x0000000010006a00       0x78 CMakeFiles/tpm_sniffer_spi.dir/home/iot/pico/pico-sdk/lib/tinyusb/src/class/cdc/cdc_device.c.obj
                0x0000000010006a00                tud_cdc_n_write_flush
 .text.tud_cdc_n_write
                0x0000000010006a78       0x34 CMakeFiles/tpm_sniffer_spi.dir/home/iot/pico/pico-sdk/lib/tinyusb/src/class/cdc/cdc_device.c.obj
                0x0000000010006a78                tud_cdc_n_write
 .text.tud_cdc_n_write_available
                0x0000000010006aac       0x18 CMakeFiles/tpm_sniffer_spi.dir/home/iot/pico/pico-sdk/lib/tinyusb/src/class/cdc/cdc_device.c.obj
                0x0000000010006aac                tud_cdc_n_write_available
 .text.cdcd_init
                0x0000000010006ac4       0x7c CMakeFiles/tpm_sniffer_spi.dir/home/iot/pico/pico-sdk/lib/tinyusb/src/class/cdc/cdc_device.c.obj
                0x0000000010006ac4                cdcd_init
 .text.cdcd_reset
                0x0000000010006b40       0x2c CMakeFiles/tpm_sniffer_spi.dir/home/iot/pico/pico-sdk/lib/tinyusb/src/class/cdc/cdc_device.c.obj
                0x0000000010006b40                cdcd_reset
 .text.cdcd_open
                0x0000000010006b6c       0xe8 CMakeFiles/tpm_sniffer_spi.dir/home/iot/pico/pico-sdk/lib/tinyusb/src/class/cdc/cdc_device.c.obj
                0x0000000010006b6c                cdcd_open
 .text.cdcd_control_xfer_cb
                0x0000000010006c54       0xe4 CMakeFiles/tpm_sniffer_spi.dir/home/iot/pico/pico-sdk/lib/tinyusb/src/class/cdc/cdc_device.c.obj
                0x0000000010006c54                cdcd_control_xfer_cb
 .text.cdcd_xfer_cb
                0x0000000010006d38      0x148 CMakeFiles/tpm_sniffer_spi.dir/home/iot/pico/pico-sdk/lib/tinyusb/src/class/cdc/cdc_device.c.obj
                0x0000000010006d38                cdcd_xfer_cb
 .text.tusb_init
                0x0000000010006e80        0xc CMakeFiles/tpm_sniffer_spi.dir/home/iot/pico/pico-sdk/lib/tinyusb/src/tusb.c.obj
                0x0000000010006e80                tusb_init
 .text.tusb_inited
                0x0000000010006e8c        0x8 CMakeFiles/tpm_sniffer_spi.dir/home/iot/pico/pico-sdk/lib/tinyusb/src/tusb.c.obj
                0x0000000010006e8c                tusb_inited
 .text.tu_edpt_claim
                0x0000000010006e94       0x50 CMakeFiles/tpm_sniffer_spi.dir/home/iot/pico/pico-sdk/lib/tinyusb/src/tusb.c.obj
                0x0000000010006e94                tu_edpt_claim
 .text.tu_edpt_release
                0x0000000010006ee4       0x38 CMakeFiles/tpm_sniffer_spi.dir/home/iot/pico/pico-sdk/lib/tinyusb/src/tusb.c.obj
                0x0000000010006ee4                tu_edpt_release
 .text.tu_edpt_validate
                0x0000000010006f1c       0x78 CMakeFiles/tpm_sniffer_spi.dir/home/iot/pico/pico-sdk/lib/tinyusb/src/tusb.c.obj
                0x0000000010006f1c                tu_edpt_validate
 .text.tu_edpt_bind_driver
                0x0000000010006f94       0x34 CMakeFiles/tpm_sniffer_spi.dir/home/iot/pico/pico-sdk/lib/tinyusb/src/tusb.c.obj
                0x0000000010006f94                tu_edpt_bind_driver
 .text.tu_fifo_config
                0x0000000010006fc8       0x70 CMakeFiles/tpm_sniffer_spi.dir/home/iot/pico/pico-sdk/lib/tinyusb/src/common/tusb_fifo.c.obj
                0x0000000010006fc8                tu_fifo_config
 .text.tu_fifo_count
                0x0000000010007038       0x2c CMakeFiles/tpm_sniffer_spi.dir/home/iot/pico/pico-sdk/lib/tinyusb/src/common/tusb_fifo.c.obj
                0x0000000010007038                tu_fifo_count
 .text.tu_fifo_empty
                0x0000000010007064       0x10 CMakeFiles/tpm_sniffer_spi.dir/home/iot/pico/pico-sdk/lib/tinyusb/src/common/tusb_fifo.c.obj
                0x0000000010007064                tu_fifo_empty
 .text.tu_fifo_remaining
                0x0000000010007074       0x2c CMakeFiles/tpm_sniffer_spi.dir/home/iot/pico/pico-sdk/lib/tinyusb/src/common/tusb_fifo.c.obj
                0x0000000010007074                tu_fifo_remaining
 .text.tu_fifo_read
                0x00000000100070a0       0xa0 CMakeFiles/tpm_sniffer_spi.dir/home/iot/pico/pico-sdk/lib/tinyusb/src/common/tusb_fifo.c.obj
                0x00000000100070a0                tu_fifo_read
 .text.tu_fifo_read_n
                0x0000000010007140       0xec CMakeFiles/tpm_sniffer_spi.dir/home/iot/pico/pico-sdk/lib/tinyusb/src/common/tusb_fifo.c.obj
                0x0000000010007140                tu_fifo_read_n
 .text.tu_fifo_write
                0x000000001000722c       0x88 CMakeFiles/tpm_sniffer_spi.dir/home/iot/pico/pico-sdk/lib/tinyusb/src/common/tusb_fifo.c.obj
                0x000000001000722c                tu_fifo_write
 .text.tu_fifo_write_n
                0x00000000100072b4      0x168 CMakeFiles/tpm_sniffer_spi.dir/home/iot/pico/pico-sdk/lib/tinyusb/src/common/tusb_fifo.c.obj
                0x00000000100072b4                tu_fifo_write_n
 .text.tu_fifo_clear
                0x000000001000741c       0x40 CMakeFiles/tpm_sniffer_spi.dir/home/iot/pico/pico-sdk/lib/tinyusb/src/common/tusb_fifo.c.obj
                0x000000001000741c                tu_fifo_clear
 .text.tu_fifo_set_overwritable
                0x000000001000745c       0x48 CMakeFiles/tpm_sniffer_spi.dir/home/iot/pico/pico-sdk/lib/tinyusb/src/common/tusb_fifo.c.obj
                0x000000001000745c                tu_fifo_set_overwritable
 .text.pio_claim_unused_sm
                0x00000000100074a4       0x3c CMakeFiles/tpm_sniffer_spi.dir/home/iot/pico/pico-sdk/src/rp2_common/hardware_pio/pio.c.obj
                0x00000000100074a4                pio_claim_unused_sm
 .text.pio_add_program
                0x00000000100074e0       0xc8 CMakeFiles/tpm_sniffer_spi.dir/home/iot/pico/pico-sdk/src/rp2_common/hardware_pio/pio.c.obj
                0x00000000100074e0                pio_add_program
 .text.pio_sm_set_consecutive_pindirs
                0x00000000100075a8       0xb0 CMakeFiles/tpm_sniffer_spi.dir/home/iot/pico/pico-sdk/src/rp2_common/hardware_pio/pio.c.obj
                0x00000000100075a8                pio_sm_set_consecutive_pindirs
 .text.pio_sm_init
                0x0000000010007658       0x8c CMakeFiles/tpm_sniffer_spi.dir/home/iot/pico/pico-sdk/src/rp2_common/hardware_pio/pio.c.obj
                0x0000000010007658                pio_sm_init
 .text.core1_trampoline
                0x00000000100076e4        0x4 CMakeFiles/tpm_sniffer_spi.dir/home/iot/pico/pico-sdk/src/rp2_common/pico_multicore/multicore.c.obj
 .text.core1_wrapper
                0x00000000100076e8        0xc CMakeFiles/tpm_sniffer_spi.dir/home/iot/pico/pico-sdk/src/rp2_common/pico_multicore/multicore.c.obj
                0x00000000100076e8                core1_wrapper
 .text.multicore_fifo_push_blocking
                0x00000000100076f4       0x14 CMakeFiles/tpm_sniffer_spi.dir/home/iot/pico/pico-sdk/src/rp2_common/pico_multicore/multicore.c.obj
                0x00000000100076f4                multicore_fifo_push_blocking
 .text.multicore_fifo_pop_blocking
                0x0000000010007708       0x1c CMakeFiles/tpm_sniffer_spi.dir/home/iot/pico/pico-sdk/src/rp2_common/pico_multicore/multicore.c.obj
                0x0000000010007708                multicore_fifo_pop_blocking
 .text.multicore_launch_core1_raw
                0x0000000010007724       0x84 CMakeFiles/tpm_sniffer_spi.dir/home/iot/pico/pico-sdk/src/rp2_common/pico_multicore/multicore.c.obj
                0x0000000010007724                multicore_launch_core1_raw
 .text.multicore_launch_core1
                0x00000000100077a8       0x4c CMakeFiles/tpm_sniffer_spi.dir/home/iot/pico/pico-sdk/src/rp2_common/pico_multicore/multicore.c.obj
                0x00000000100077a8                multicore_launch_core1
 .text          0x00000000100077f4       0x5c /usr/lib/gcc/arm-none-eabi/10.3.1/../../../arm-none-eabi/lib/thumb/v6-m/nofp/libc.a(lib_a-strlen-stub.o)
                0x00000000100077f4                strlen
 *(.fini)
 .fini          0x0000000010007850        0x4 /usr/lib/gcc/arm-none-eabi/10.3.1/thumb/v6-m/nofp/crti.o
                0x0000000010007850                _fini
 *fill*         0x0000000010007854        0x4 
 .fini.__stub   0x0000000010007858       0xd0 linker stubs
 *crtbegin.o(.ctors)
 *crtbegin?.o(.ctors)
 *(EXCLUDE_FILE(*crtend.o *crtend?.o) .ctors)
 *(SORT_BY_NAME(.ctors.*))
 *(.ctors)
 *crtbegin.o(.dtors)
 *crtbegin?.o(.dtors)
 *(EXCLUDE_FILE(*crtend.o *crtend?.o) .dtors)
 *(SORT_BY_NAME(.dtors.*))
 *(.dtors)
 *(.eh_frame*)
 .eh_frame      0x0000000010007928        0x0 /usr/lib/gcc/arm-none-eabi/10.3.1/thumb/v6-m/nofp/crtbegin.o
                0x0000000010007928                . = ALIGN (0x4)

.glue_7         0x0000000010007928        0x0
 .glue_7        0x0000000010007928        0x0 linker stubs

.glue_7t        0x0000000010007928        0x0
 .glue_7t       0x0000000010007928        0x0 linker stubs

.vfp11_veneer   0x0000000010007928        0x0
 .vfp11_veneer  0x0000000010007928        0x0 linker stubs

.v4_bx          0x0000000010007928        0x0
 .v4_bx         0x0000000010007928        0x0 linker stubs

.iplt           0x0000000010007928        0x0
 .iplt          0x0000000010007928        0x0 /usr/lib/gcc/arm-none-eabi/10.3.1/thumb/v6-m/nofp/crtbegin.o

.rodata         0x0000000010007928      0x94c
 *(EXCLUDE_FILE(*libm.a: *libc.a:*lib_a-mem*.o *libgcc.a:) .rodata*)
 .rodata.main.str1.4
                0x0000000010007928      0x3a2 CMakeFiles/tpm_sniffer_spi.dir/main.c.obj
                                        0x3a6 (size before relaxing)
 *fill*         0x0000000010007cca        0x2 
 .rodata.spi_sniffer_program
                0x0000000010007ccc        0x6 CMakeFiles/tpm_sniffer_spi.dir/main.c.obj
 *fill*         0x0000000010007cd2        0x2 
 .rodata.spi_sniffer_program_instructions
                0x0000000010007cd4       0x10 CMakeFiles/tpm_sniffer_spi.dir/main.c.obj
 .rodata.spin_lock_claim_unused.str1.4
                0x0000000010007ce4       0x1b CMakeFiles/tpm_sniffer_spi.dir/home/iot/pico/pico-sdk/src/rp2_common/hardware_sync/sync.c.obj
 *fill*         0x0000000010007cff        0x1 
 .rodata.user_irq_claim_unused.str1.4
                0x0000000010007d00       0x1b CMakeFiles/tpm_sniffer_spi.dir/home/iot/pico/pico-sdk/src/rp2_common/hardware_irq/irq.c.obj
 *fill*         0x0000000010007d1b        0x1 
 .rodata.hardware_alarm_claim.str1.4
                0x0000000010007d1c       0x22 CMakeFiles/tpm_sniffer_spi.dir/home/iot/pico/pico-sdk/src/rp2_common/hardware_timer/timer.c.obj
 *fill*         0x0000000010007d3e        0x2 
 .rodata.panic.str1.4
                0x0000000010007d40       0x12 CMakeFiles/tpm_sniffer_spi.dir/home/iot/pico/pico-sdk/src/rp2_common/pico_runtime/runtime.c.obj
 *fill*         0x0000000010007d52        0x2 
 .rodata.hard_assertion_failure.str1.4
                0x0000000010007d54        0xc CMakeFiles/tpm_sniffer_spi.dir/home/iot/pico/pico-sdk/src/rp2_common/pico_runtime/runtime.c.obj
 .rodata._ftoa.str1.4
                0x0000000010007d60       0x15 CMakeFiles/tpm_sniffer_spi.dir/home/iot/pico/pico-sdk/src/rp2_common/pico_printf/printf.c.obj
 *fill*         0x0000000010007d75        0x3 
 .rodata._vsnprintf
                0x0000000010007d78      0x1e0 CMakeFiles/tpm_sniffer_spi.dir/home/iot/pico/pico-sdk/src/rp2_common/pico_printf/printf.c.obj
 .rodata.pow10.0
                0x0000000010007f58       0x50 CMakeFiles/tpm_sniffer_spi.dir/home/iot/pico/pico-sdk/src/rp2_common/pico_printf/printf.c.obj
 .rodata.str1.4
                0x0000000010007fa8       0x44 CMakeFiles/tpm_sniffer_spi.dir/home/iot/pico/pico-sdk/src/rp2_common/pico_standard_link/binary_info.c.obj
 .rodata.__bi_44
                0x0000000010007fec        0xc CMakeFiles/tpm_sniffer_spi.dir/home/iot/pico/pico-sdk/src/rp2_common/pico_standard_link/binary_info.c.obj
 .rodata.__bi_75
                0x0000000010007ff8        0xc CMakeFiles/tpm_sniffer_spi.dir/home/iot/pico/pico-sdk/src/rp2_common/pico_standard_link/binary_info.c.obj
 .rodata.__bi_81
                0x0000000010008004        0xc CMakeFiles/tpm_sniffer_spi.dir/home/iot/pico/pico-sdk/src/rp2_common/pico_standard_link/binary_info.c.obj
 .rodata.crlf_str.0
                0x0000000010008010        0x2 CMakeFiles/tpm_sniffer_spi.dir/home/iot/pico/pico-sdk/src/rp2_common/pico_stdio/stdio.c.obj
 *fill*         0x0000000010008012        0x2 
 .rodata.str1.4
                0x0000000010008014       0x2c CMakeFiles/tpm_sniffer_spi.dir/home/iot/pico/pico-sdk/src/rp2_common/pico_stdio_uart/stdio_uart.c.obj
 .rodata.__bi_33.4
                0x0000000010008040        0xc CMakeFiles/tpm_sniffer_spi.dir/home/iot/pico/pico-sdk/src/rp2_common/pico_stdio_uart/stdio_uart.c.obj
 .rodata.__bi_34.5
                0x000000001000804c        0x8 CMakeFiles/tpm_sniffer_spi.dir/home/iot/pico/pico-sdk/src/rp2_common/pico_stdio_uart/stdio_uart.c.obj
 .rodata._resetd_driver
                0x0000000010008054       0x18 CMakeFiles/tpm_sniffer_spi.dir/home/iot/pico/pico-sdk/src/rp2_common/pico_stdio_usb/reset_interface.c.obj
 .rodata.str1.4
                0x000000001000806c       0x13 CMakeFiles/tpm_sniffer_spi.dir/home/iot/pico/pico-sdk/src/rp2_common/pico_stdio_usb/stdio_usb.c.obj
 *fill*         0x000000001000807f        0x1 
 .rodata.__bi_182.0
                0x0000000010008080        0xc CMakeFiles/tpm_sniffer_spi.dir/home/iot/pico/pico-sdk/src/rp2_common/pico_stdio_usb/stdio_usb.c.obj
 .rodata.str1.4
                0x000000001000808c       0x2a CMakeFiles/tpm_sniffer_spi.dir/home/iot/pico/pico-sdk/src/rp2_common/pico_stdio_usb/stdio_usb_descriptors.c.obj
 *fill*         0x00000000100080b6        0x2 
 .rodata.usbd_desc_cfg
                0x00000000100080b8       0x54 CMakeFiles/tpm_sniffer_spi.dir/home/iot/pico/pico-sdk/src/rp2_common/pico_stdio_usb/stdio_usb_descriptors.c.obj
 .rodata.usbd_desc_device
                0x000000001000810c       0x12 CMakeFiles/tpm_sniffer_spi.dir/home/iot/pico/pico-sdk/src/rp2_common/pico_stdio_usb/stdio_usb_descriptors.c.obj
 *fill*         0x000000001000811e        0x2 
 .rodata.usbd_desc_str
                0x0000000010008120       0x18 CMakeFiles/tpm_sniffer_spi.dir/home/iot/pico/pico-sdk/src/rp2_common/pico_stdio_usb/stdio_usb_descriptors.c.obj
 .rodata.str1.4
                0x0000000010008138       0x14 CMakeFiles/tpm_sniffer_spi.dir/home/iot/pico/pico-sdk/lib/tinyusb/src/portable/raspberrypi/rp2040/dcd_rp2040.c.obj
 .rodata.str1.4
                0x000000001000814c       0x49 CMakeFiles/tpm_sniffer_spi.dir/home/iot/pico/pico-sdk/lib/tinyusb/src/portable/raspberrypi/rp2040/rp2040_usb.c.obj
                                         0x53 (size before relaxing)
 *fill*         0x0000000010008195        0x3 
 .rodata.tud_task_ext
                0x0000000010008198       0x8c CMakeFiles/tpm_sniffer_spi.dir/home/iot/pico/pico-sdk/lib/tinyusb/src/device/usbd.c.obj
 .rodata._usbd_driver
                0x0000000010008224       0x18 CMakeFiles/tpm_sniffer_spi.dir/home/iot/pico/pico-sdk/lib/tinyusb/src/device/usbd.c.obj
 .rodata.pio_claim_unused_sm.str1.4
                0x000000001000823c       0x24 CMakeFiles/tpm_sniffer_spi.dir/home/iot/pico/pico-sdk/src/rp2_common/hardware_pio/pio.c.obj
 .rodata.pio_add_program.str1.4
                0x0000000010008260       0x11 CMakeFiles/tpm_sniffer_spi.dir/home/iot/pico/pico-sdk/src/rp2_common/hardware_pio/pio.c.obj
                0x0000000010008274                . = ALIGN (0x4)
 *fill*         0x0000000010008271        0x3 
 *(SORT_BY_ALIGNMENT(SORT_BY_NAME(.flashdata*)))
                0x0000000010008274                . = ALIGN (0x4)

.ARM.extab
 *(.ARM.extab* .gnu.linkonce.armextab.*)
                0x0000000010008274                __exidx_start = .

.ARM.exidx
 *(.ARM.exidx* .gnu.linkonce.armexidx.*)
                0x0000000010008274                __exidx_end = .
                0x0000000010008274                . = ALIGN (0x4)
                0x0000000010008274                __binary_info_start = .

.binary_info    0x0000000010008274       0x28
 *(.binary_info.keep.*)
 .binary_info.keep.__bi_ptr22
                0x0000000010008274        0x4 CMakeFiles/tpm_sniffer_spi.dir/home/iot/pico/pico-sdk/src/rp2_common/pico_standard_link/binary_info.c.obj
 .binary_info.keep.__bi_ptr30
                0x0000000010008278        0x4 CMakeFiles/tpm_sniffer_spi.dir/home/iot/pico/pico-sdk/src/rp2_common/pico_standard_link/binary_info.c.obj
 .binary_info.keep.__bi_ptr38
                0x000000001000827c        0x4 CMakeFiles/tpm_sniffer_spi.dir/home/iot/pico/pico-sdk/src/rp2_common/pico_standard_link/binary_info.c.obj
 .binary_info.keep.__bi_ptr44
                0x0000000010008280        0x4 CMakeFiles/tpm_sniffer_spi.dir/home/iot/pico/pico-sdk/src/rp2_common/pico_standard_link/binary_info.c.obj
 .binary_info.keep.__bi_ptr50
                0x0000000010008284        0x4 CMakeFiles/tpm_sniffer_spi.dir/home/iot/pico/pico-sdk/src/rp2_common/pico_standard_link/binary_info.c.obj
 .binary_info.keep.__bi_ptr75
                0x0000000010008288        0x4 CMakeFiles/tpm_sniffer_spi.dir/home/iot/pico/pico-sdk/src/rp2_common/pico_standard_link/binary_info.c.obj
 .binary_info.keep.__bi_ptr81
                0x000000001000828c        0x4 CMakeFiles/tpm_sniffer_spi.dir/home/iot/pico/pico-sdk/src/rp2_common/pico_standard_link/binary_info.c.obj
 *(.binary_info.*)
 .binary_info.__bi_ptr33
                0x0000000010008290        0x4 CMakeFiles/tpm_sniffer_spi.dir/home/iot/pico/pico-sdk/src/rp2_common/pico_stdio_uart/stdio_uart.c.obj
 .binary_info.__bi_ptr34
                0x0000000010008294        0x4 CMakeFiles/tpm_sniffer_spi.dir/home/iot/pico/pico-sdk/src/rp2_common/pico_stdio_uart/stdio_uart.c.obj
 .binary_info.__bi_ptr182
                0x0000000010008298        0x4 CMakeFiles/tpm_sniffer_spi.dir/home/iot/pico/pico-sdk/src/rp2_common/pico_stdio_usb/stdio_usb.c.obj
                0x000000001000829c                __binary_info_end = .

.rel.dyn        0x000000001000829c        0x0
 .rel.iplt      0x000000001000829c        0x0 /usr/lib/gcc/arm-none-eabi/10.3.1/thumb/v6-m/nofp/crtbegin.o
                0x000000001000829c                . = ALIGN (0x4)

.ram_vector_table
                0x0000000020000000       0xc0
 *(.ram_vector_table)
 .ram_vector_table
                0x0000000020000000       0xc0 CMakeFiles/tpm_sniffer_spi.dir/home/iot/pico/pico-sdk/src/rp2_common/pico_runtime/runtime.c.obj
                0x0000000020000000                ram_vector_table

.data           0x00000000200000c0      0xe70 load address 0x000000001000829c
                0x00000000200000c0                __data_start__ = .
 *(vtable)
 *(.time_critical*)
 .time_critical.mutex_try_enter
                0x00000000200000c0       0x44 CMakeFiles/tpm_sniffer_spi.dir/home/iot/pico/pico-sdk/src/common/pico_sync/mutex.c.obj
                0x00000000200000c0                mutex_try_enter
 .time_critical.mutex_try_enter_block_until
                0x0000000020000104       0x9c CMakeFiles/tpm_sniffer_spi.dir/home/iot/pico/pico-sdk/src/common/pico_sync/mutex.c.obj
                0x0000000020000104                mutex_try_enter_block_until
 .time_critical.mutex_enter_timeout_ms
                0x00000000200001a0       0x90 CMakeFiles/tpm_sniffer_spi.dir/home/iot/pico/pico-sdk/src/common/pico_sync/mutex.c.obj
                0x00000000200001a0                mutex_enter_timeout_ms
 .time_critical.mutex_exit
                0x0000000020000230       0x28 CMakeFiles/tpm_sniffer_spi.dir/home/iot/pico/pico-sdk/src/common/pico_sync/mutex.c.obj
                0x0000000020000230                mutex_exit
 .time_critical.flash_init_boot2_copyout
                0x0000000020000258       0x30 CMakeFiles/tpm_sniffer_spi.dir/home/iot/pico/pico-sdk/src/rp2_common/hardware_flash/flash.c.obj
 .time_critical.flash_enable_xip_via_boot2
                0x0000000020000288       0x10 CMakeFiles/tpm_sniffer_spi.dir/home/iot/pico/pico-sdk/src/rp2_common/hardware_flash/flash.c.obj
 .time_critical.flash_cs_force
                0x0000000020000298       0x38 CMakeFiles/tpm_sniffer_spi.dir/home/iot/pico/pico-sdk/src/rp2_common/hardware_flash/flash.c.obj
 .time_critical.flash_do_cmd
                0x00000000200002d0       0xc4 CMakeFiles/tpm_sniffer_spi.dir/home/iot/pico/pico-sdk/src/rp2_common/hardware_flash/flash.c.obj
                0x00000000200002d0                flash_do_cmd
 .time_critical.reset_non_control_endpoints
                0x0000000020000394       0xbc CMakeFiles/tpm_sniffer_spi.dir/home/iot/pico/pico-sdk/lib/tinyusb/src/portable/raspberrypi/rp2040/dcd_rp2040.c.obj
 .time_critical.hw_handle_buff_status
                0x0000000020000450       0xa8 CMakeFiles/tpm_sniffer_spi.dir/home/iot/pico/pico-sdk/lib/tinyusb/src/portable/raspberrypi/rp2040/dcd_rp2040.c.obj
 .time_critical.dcd_rp2040_irq
                0x00000000200004f8      0x4d8 CMakeFiles/tpm_sniffer_spi.dir/home/iot/pico/pico-sdk/lib/tinyusb/src/portable/raspberrypi/rp2040/dcd_rp2040.c.obj
 .time_critical.e15_is_bulkin_ep
                0x00000000200009d0       0x28 CMakeFiles/tpm_sniffer_spi.dir/home/iot/pico/pico-sdk/lib/tinyusb/src/portable/raspberrypi/rp2040/rp2040_usb.c.obj
 .time_critical.e15_is_critical_frame_period
                0x00000000200009f8       0x34 CMakeFiles/tpm_sniffer_spi.dir/home/iot/pico/pico-sdk/lib/tinyusb/src/portable/raspberrypi/rp2040/rp2040_usb.c.obj
 .time_critical.prepare_ep_buffer
                0x0000000020000a2c       0x70 CMakeFiles/tpm_sniffer_spi.dir/home/iot/pico/pico-sdk/lib/tinyusb/src/portable/raspberrypi/rp2040/rp2040_usb.c.obj
 .time_critical.sync_ep_buffer
                0x0000000020000a9c       0x4c CMakeFiles/tpm_sniffer_spi.dir/home/iot/pico/pico-sdk/lib/tinyusb/src/portable/raspberrypi/rp2040/rp2040_usb.c.obj
 .time_critical._hw_endpoint_xfer_sync
                0x0000000020000ae8       0x28 CMakeFiles/tpm_sniffer_spi.dir/home/iot/pico/pico-sdk/lib/tinyusb/src/portable/raspberrypi/rp2040/rp2040_usb.c.obj
 .time_critical.hw_endpoint_reset_transfer
                0x0000000020000b10        0xc CMakeFiles/tpm_sniffer_spi.dir/home/iot/pico/pico-sdk/lib/tinyusb/src/portable/raspberrypi/rp2040/rp2040_usb.c.obj
                0x0000000020000b10                hw_endpoint_reset_transfer
 .time_critical._hw_endpoint_buffer_control_update32
                0x0000000020000b1c       0x58 CMakeFiles/tpm_sniffer_spi.dir/home/iot/pico/pico-sdk/lib/tinyusb/src/portable/raspberrypi/rp2040/rp2040_usb.c.obj
                0x0000000020000b1c                _hw_endpoint_buffer_control_update32
 .time_critical.hw_endpoint_start_next_buffer
                0x0000000020000b74       0x6c CMakeFiles/tpm_sniffer_spi.dir/home/iot/pico/pico-sdk/lib/tinyusb/src/portable/raspberrypi/rp2040/rp2040_usb.c.obj
                0x0000000020000b74                hw_endpoint_start_next_buffer
 .time_critical.hw_endpoint_xfer_continue
                0x0000000020000be0       0x50 CMakeFiles/tpm_sniffer_spi.dir/home/iot/pico/pico-sdk/lib/tinyusb/src/portable/raspberrypi/rp2040/rp2040_usb.c.obj
                0x0000000020000be0                hw_endpoint_xfer_continue
 .time_critical.tinyusb
                0x0000000020000c30      0x170 CMakeFiles/tpm_sniffer_spi.dir/home/iot/pico/pico-sdk/lib/tinyusb/src/device/usbd.c.obj
                0x0000000020000c30                dcd_event_handler
 *(.text*)
 .text          0x0000000020000da0        0x4 /usr/lib/gcc/arm-none-eabi/10.3.1/thumb/v6-m/nofp/libgcc.a(_dvmd_tls.o)
                0x0000000020000da0                __aeabi_ldiv0
                0x0000000020000da0                __aeabi_idiv0
 *fill*         0x0000000020000da4        0x4 
 .text.__stub   0x0000000020000da8       0x70 linker stubs
                0x0000000020000e18                . = ALIGN (0x4)
 *(.rodata*)
                0x0000000020000e18                . = ALIGN (0x4)
 *(.data*)
 .data.striped_spin_lock_num
                0x0000000020000e18        0x1 CMakeFiles/tpm_sniffer_spi.dir/home/iot/pico/pico-sdk/src/rp2_common/hardware_sync/sync.c.obj
 *fill*         0x0000000020000e19        0x3 
 .data          0x0000000020000e1c       0x48 CMakeFiles/tpm_sniffer_spi.dir/home/iot/pico/pico-sdk/src/rp2_common/hardware_irq/irq_handler_chain.S.obj
                0x0000000020000e1c                irq_handler_chain_slots
                0x0000000020000e4c                irq_handler_chain_first_slot
                0x0000000020000e56                irq_handler_chain_remove_tail
 .data.default_alarm_pool
                0x0000000020000e64       0x18 CMakeFiles/tpm_sniffer_spi.dir/home/iot/pico/pico-sdk/src/common/pico_time/time.c.obj
 .data.default_alarm_pool_heap
                0x0000000020000e7c       0x10 CMakeFiles/tpm_sniffer_spi.dir/home/iot/pico/pico-sdk/src/common/pico_time/time.c.obj
 *fill*         0x0000000020000e8c        0x4 
 .data.aeabi_bits_funcs
                0x0000000020000e90       0x10 CMakeFiles/tpm_sniffer_spi.dir/home/iot/pico/pico-sdk/src/rp2_common/pico_bit_ops/bit_ops_aeabi.S.obj
                0x0000000020000e90                aeabi_bits_funcs
                0x0000000020000ea0                aeabi_bits_funcs_end
 .data.aeabi_mem_funcs
                0x0000000020000ea0       0x10 CMakeFiles/tpm_sniffer_spi.dir/home/iot/pico/pico-sdk/src/rp2_common/pico_mem_ops/mem_ops_aeabi.S.obj
                0x0000000020000ea0                aeabi_mem_funcs
                0x0000000020000eb0                aeabi_mem_funcs_end
 .data.stdio_uart
                0x0000000020000eb0       0x18 CMakeFiles/tpm_sniffer_spi.dir/home/iot/pico/pico-sdk/src/rp2_common/pico_stdio_uart/stdio_uart.c.obj
                0x0000000020000eb0                stdio_uart
 .data.stdio_usb
                0x0000000020000ec8       0x18 CMakeFiles/tpm_sniffer_spi.dir/home/iot/pico/pico-sdk/src/rp2_common/pico_stdio_usb/stdio_usb.c.obj
                0x0000000020000ec8                stdio_usb
 .data.ep_dir_string
                0x0000000020000ee0        0x8 CMakeFiles/tpm_sniffer_spi.dir/home/iot/pico/pico-sdk/lib/tinyusb/src/portable/raspberrypi/rp2040/rp2040_usb.c.obj
                0x0000000020000ee0                ep_dir_string
 .data._usbd_qdef
                0x0000000020000ee8       0x1c CMakeFiles/tpm_sniffer_spi.dir/home/iot/pico/pico-sdk/lib/tinyusb/src/device/usbd.c.obj
                0x0000000020000ee8                _usbd_qdef
 .data._usbd_rhport
                0x0000000020000f04        0x1 CMakeFiles/tpm_sniffer_spi.dir/home/iot/pico/pico-sdk/lib/tinyusb/src/device/usbd.c.obj
                0x0000000020000f08                . = ALIGN (0x4)
 *fill*         0x0000000020000f05        0x3 
 *(.after_data.*)
                0x0000000020000f08                . = ALIGN (0x4)
                0x0000000020000f08                PROVIDE (__mutex_array_start = .)
 *(SORT_BY_NAME(.mutex_array.*))
 *(.mutex_array)
 .mutex_array   0x0000000020000f08        0x8 CMakeFiles/tpm_sniffer_spi.dir/home/iot/pico/pico-sdk/src/rp2_common/pico_malloc/pico_malloc.c.obj
 .mutex_array   0x0000000020000f10        0x8 CMakeFiles/tpm_sniffer_spi.dir/home/iot/pico/pico-sdk/src/rp2_common/pico_stdio/stdio.c.obj
                0x0000000020000f18                PROVIDE (__mutex_array_end = .)
                0x0000000020000f18                . = ALIGN (0x4)
                0x0000000020000f18                PROVIDE (__preinit_array_start = .)
 *(SORT_BY_NAME(.preinit_array.*))
 .preinit_array.00001
                0x0000000020000f18        0x4 CMakeFiles/tpm_sniffer_spi.dir/home/iot/pico/pico-sdk/src/rp2_common/pico_mem_ops/mem_ops_aeabi.S.obj
 .preinit_array.00010
                0x0000000020000f1c        0x4 CMakeFiles/tpm_sniffer_spi.dir/home/iot/pico/pico-sdk/src/rp2_common/pico_bit_ops/bit_ops_aeabi.S.obj
 .preinit_array.00020
                0x0000000020000f20        0x4 CMakeFiles/tpm_sniffer_spi.dir/home/iot/pico/pico-sdk/src/rp2_common/pico_double/double_aeabi.S.obj
 .preinit_array.00020
                0x0000000020000f24        0x4 CMakeFiles/tpm_sniffer_spi.dir/home/iot/pico/pico-sdk/src/rp2_common/pico_float/float_aeabi.S.obj
 *(.preinit_array)
                0x0000000020000f28                PROVIDE (__preinit_array_end = .)
                0x0000000020000f28                . = ALIGN (0x4)
                0x0000000020000f28                PROVIDE (__init_array_start = .)
 *(SORT_BY_NAME(.init_array.*))
 *(.init_array)
 .init_array    0x0000000020000f28        0x4 /usr/lib/gcc/arm-none-eabi/10.3.1/thumb/v6-m/nofp/crtbegin.o
 .init_array    0x0000000020000f2c        0x4 CMakeFiles/tpm_sniffer_spi.dir/home/iot/pico/pico-sdk/src/rp2_common/pico_unique_id/unique_id.c.obj
                0x0000000020000f30                PROVIDE (__init_array_end = .)
                0x0000000020000f30                . = ALIGN (0x4)
                0x0000000020000f30                PROVIDE (__fini_array_start = .)
 *(SORT_BY_NAME(.fini_array.*))
 *(.fini_array)
                0x0000000020000f30                PROVIDE (__fini_array_end = .)
 *(.jcr)
                0x0000000020000f30                . = ALIGN (0x4)
                0x0000000020000f30                __data_end__ = .
                0x000000001000829c                __etext = LOADADDR (.data)

.tm_clone_table
                0x0000000020000f30        0x0 load address 0x000000001000910c
 .tm_clone_table
                0x0000000020000f30        0x0 /usr/lib/gcc/arm-none-eabi/10.3.1/thumb/v6-m/nofp/crtbegin.o
 .tm_clone_table
                0x0000000020000f30        0x0 /usr/lib/gcc/arm-none-eabi/10.3.1/thumb/v6-m/nofp/crtend.o

.igot.plt       0x0000000020000f30        0x0 load address 0x000000001000910c
 .igot.plt      0x0000000020000f30        0x0 /usr/lib/gcc/arm-none-eabi/10.3.1/thumb/v6-m/nofp/crtbegin.o

.uninitialized_data
                0x0000000020000f30        0x0 load address 0x000000001000910c
                0x0000000020000f30                . = ALIGN (0x4)
 *(.uninitialized_data*)

.scratch_x      0x0000000020040000        0x0 load address 0x000000001000910c
                0x0000000020040000                __scratch_x_start__ = .
 *(.scratch_x.*)
                0x0000000020040000                . = ALIGN (0x4)
                0x0000000020040000                __scratch_x_end__ = .
                0x000000001000910c                __scratch_x_source__ = LOADADDR (.scratch_x)

.scratch_y      0x0000000020041000        0x0 load address 0x000000001000910c
                0x0000000020041000                __scratch_y_start__ = .
 *(.scratch_y.*)
                0x0000000020041000                . = ALIGN (0x4)
                0x0000000020041000                __scratch_y_end__ = .
                0x000000001000910c                __scratch_y_source__ = LOADADDR (.scratch_y)

.bss            0x0000000020000f30     0x2da4
                0x0000000020000f30                . = ALIGN (0x4)
                0x0000000020000f30                __bss_start__ = .
 *(SORT_BY_ALIGNMENT(SORT_BY_NAME(.bss*)))
 .bss.default_alarm_pool_entries
                0x0000000020000f30      0x100 CMakeFiles/tpm_sniffer_spi.dir/home/iot/pico/pico-sdk/src/common/pico_time/time.c.obj
 .bss.last_avail_time.1
                0x0000000020001030        0x8 CMakeFiles/tpm_sniffer_spi.dir/home/iot/pico/pico-sdk/src/rp2_common/pico_stdio_usb/stdio_usb.c.obj
 .bss.sd_table  0x0000000020001038      0x100 CMakeFiles/tpm_sniffer_spi.dir/home/iot/pico/pico-sdk/src/rp2_common/pico_double/double_init_rom.c.obj
                0x0000000020001038                sd_table
 .bss.sf_table  0x0000000020001138      0x100 CMakeFiles/tpm_sniffer_spi.dir/home/iot/pico/pico-sdk/src/rp2_common/pico_float/float_init_rom.c.obj
                0x0000000020001138                sf_table
 .bss           0x0000000020001238       0x1c /usr/lib/gcc/arm-none-eabi/10.3.1/thumb/v6-m/nofp/crtbegin.o
 .bss._app_driver
                0x0000000020001254        0x4 CMakeFiles/tpm_sniffer_spi.dir/home/iot/pico/pico-sdk/lib/tinyusb/src/device/usbd.c.obj
 .bss._cdcd_itf
                0x0000000020001258      0x2c8 CMakeFiles/tpm_sniffer_spi.dir/home/iot/pico/pico-sdk/lib/tinyusb/src/class/cdc/cdc_device.c.obj
 .bss._ctrl_xfer
                0x0000000020001520       0x14 CMakeFiles/tpm_sniffer_spi.dir/home/iot/pico/pico-sdk/lib/tinyusb/src/device/usbd_control.c.obj
 .bss._ubsd_mutexdef
                0x0000000020001534        0x8 CMakeFiles/tpm_sniffer_spi.dir/home/iot/pico/pico-sdk/lib/tinyusb/src/device/usbd.c.obj
 .bss._usbd_ctrl_buf
                0x000000002000153c       0x40 CMakeFiles/tpm_sniffer_spi.dir/home/iot/pico/pico-sdk/lib/tinyusb/src/device/usbd_control.c.obj
 .bss._usbd_dev
                0x000000002000157c       0x53 CMakeFiles/tpm_sniffer_spi.dir/home/iot/pico/pico-sdk/lib/tinyusb/src/device/usbd.c.obj
 *fill*         0x00000000200015cf        0x1 
 .bss._usbd_mutex
                0x00000000200015d0        0x4 CMakeFiles/tpm_sniffer_spi.dir/home/iot/pico/pico-sdk/lib/tinyusb/src/device/usbd.c.obj
 .bss._usbd_q   0x00000000200015d4        0x4 CMakeFiles/tpm_sniffer_spi.dir/home/iot/pico/pico-sdk/lib/tinyusb/src/device/usbd.c.obj
 .bss._usbd_qdef_buf
                0x00000000200015d8       0xc0 CMakeFiles/tpm_sniffer_spi.dir/home/iot/pico/pico-sdk/lib/tinyusb/src/device/usbd.c.obj
                0x00000000200015d8                _usbd_qdef_buf
 .bss._used_instruction_space
                0x0000000020001698        0x8 CMakeFiles/tpm_sniffer_spi.dir/home/iot/pico/pico-sdk/src/rp2_common/hardware_pio/pio.c.obj
 .bss.alarm_callbacks
                0x00000000200016a0       0x10 CMakeFiles/tpm_sniffer_spi.dir/home/iot/pico/pico-sdk/src/rp2_common/hardware_timer/timer.c.obj
 .bss.boot2_copyout
                0x00000000200016b0      0x100 CMakeFiles/tpm_sniffer_spi.dir/home/iot/pico/pico-sdk/src/rp2_common/hardware_flash/flash.c.obj
 .bss.chars_available_callback
                0x00000000200017b0        0x4 CMakeFiles/tpm_sniffer_spi.dir/home/iot/pico/pico-sdk/src/rp2_common/pico_stdio_uart/stdio_uart.c.obj
 .bss.chars_available_callback
                0x00000000200017b4        0x4 CMakeFiles/tpm_sniffer_spi.dir/home/iot/pico/pico-sdk/src/rp2_common/pico_stdio_usb/stdio_usb.c.obj
 .bss.chars_available_param
                0x00000000200017b8        0x4 CMakeFiles/tpm_sniffer_spi.dir/home/iot/pico/pico-sdk/src/rp2_common/pico_stdio_uart/stdio_uart.c.obj
 .bss.chars_available_param
                0x00000000200017bc        0x4 CMakeFiles/tpm_sniffer_spi.dir/home/iot/pico/pico-sdk/src/rp2_common/pico_stdio_usb/stdio_usb.c.obj
 .bss.claimed   0x00000000200017c0        0x4 CMakeFiles/tpm_sniffer_spi.dir/home/iot/pico/pico-sdk/src/rp2_common/hardware_sync/sync.c.obj
 .bss.configured_freq
                0x00000000200017c4       0x28 CMakeFiles/tpm_sniffer_spi.dir/home/iot/pico/pico-sdk/src/rp2_common/hardware_clocks/clocks.c.obj
 .bss.default_alarm_pool_entry_ids_high
                0x00000000200017ec       0x10 CMakeFiles/tpm_sniffer_spi.dir/home/iot/pico/pico-sdk/src/common/pico_time/time.c.obj
 .bss.default_alarm_pool_heap_nodes
                0x00000000200017fc       0x30 CMakeFiles/tpm_sniffer_spi.dir/home/iot/pico/pico-sdk/src/common/pico_time/time.c.obj
 .bss.desc_str.0
                0x000000002000182c       0x28 CMakeFiles/tpm_sniffer_spi.dir/home/iot/pico/pico-sdk/src/rp2_common/pico_stdio_usb/stdio_usb_descriptors.c.obj
 .bss.drivers   0x0000000020001854        0x4 CMakeFiles/tpm_sniffer_spi.dir/home/iot/pico/pico-sdk/src/rp2_common/pico_stdio/stdio.c.obj
 .bss.e15_last_sof
                0x0000000020001858        0x4 CMakeFiles/tpm_sniffer_spi.dir/home/iot/pico/pico-sdk/lib/tinyusb/src/portable/raspberrypi/rp2040/rp2040_usb.c.obj
                0x0000000020001858                e15_last_sof
 .bss.filter    0x000000002000185c        0x4 CMakeFiles/tpm_sniffer_spi.dir/home/iot/pico/pico-sdk/src/rp2_common/pico_stdio/stdio.c.obj
 .bss.hw_endpoints
                0x0000000020001860      0x400 CMakeFiles/tpm_sniffer_spi.dir/home/iot/pico/pico-sdk/lib/tinyusb/src/portable/raspberrypi/rp2040/dcd_rp2040.c.obj
 .bss.lazy_vsnprintf
                0x0000000020001c60        0x4 CMakeFiles/tpm_sniffer_spi.dir/home/iot/pico/pico-sdk/src/rp2_common/pico_printf/printf.c.obj
 .bss.load_value
                0x0000000020001c64        0x4 CMakeFiles/tpm_sniffer_spi.dir/home/iot/pico/pico-sdk/src/rp2_common/hardware_watchdog/watchdog.c.obj
 .bss.message_buffer
                0x0000000020001c68     0x2000 CMakeFiles/tpm_sniffer_spi.dir/main.c.obj
                0x0000000020001c68                message_buffer
 .bss.msg_buffer_ptr
                0x0000000020003c68        0x4 CMakeFiles/tpm_sniffer_spi.dir/main.c.obj
                0x0000000020003c68                msg_buffer_ptr
 .bss.next_buffer_ptr
                0x0000000020003c6c        0x4 CMakeFiles/tpm_sniffer_spi.dir/home/iot/pico/pico-sdk/lib/tinyusb/src/portable/raspberrypi/rp2040/dcd_rp2040.c.obj
 .bss.one_shot_timer_crit_sec
                0x0000000020003c70        0x8 CMakeFiles/tpm_sniffer_spi.dir/home/iot/pico/pico-sdk/src/rp2_common/pico_stdio_usb/stdio_usb.c.obj
 .bss.pools     0x0000000020003c78       0x10 CMakeFiles/tpm_sniffer_spi.dir/home/iot/pico/pico-sdk/src/common/pico_time/time.c.obj
 .bss.retrieved_id
                0x0000000020003c88        0x8 CMakeFiles/tpm_sniffer_spi.dir/home/iot/pico/pico-sdk/src/rp2_common/pico_unique_id/unique_id.c.obj
 .bss.sf_clz_func
                0x0000000020003c90        0x4 CMakeFiles/tpm_sniffer_spi.dir/home/iot/pico/pico-sdk/src/rp2_common/pico_double/double_init_rom.c.obj
                0x0000000020003c90                sf_clz_func
 .bss.sleep_notifier
                0x0000000020003c94        0x4 CMakeFiles/tpm_sniffer_spi.dir/home/iot/pico/pico-sdk/src/common/pico_time/time.c.obj
 .bss.stdio_usb_mutex
                0x0000000020003c98        0x8 CMakeFiles/tpm_sniffer_spi.dir/home/iot/pico/pico-sdk/src/rp2_common/pico_stdio_usb/stdio_usb.c.obj
 .bss.target_hi
                0x0000000020003ca0       0x10 CMakeFiles/tpm_sniffer_spi.dir/home/iot/pico/pico-sdk/src/rp2_common/hardware_timer/timer.c.obj
 .bss.uart_char_to_line_feed
                0x0000000020003cb0        0x4 CMakeFiles/tpm_sniffer_spi.dir/home/iot/pico/pico-sdk/src/rp2_common/hardware_uart/uart.c.obj
                0x0000000020003cb0                uart_char_to_line_feed
 .bss.uart_instance
                0x0000000020003cb4        0x4 CMakeFiles/tpm_sniffer_spi.dir/home/iot/pico/pico-sdk/src/rp2_common/pico_stdio_uart/stdio_uart.c.obj
 .bss.usbd_serial_str
                0x0000000020003cb8       0x11 CMakeFiles/tpm_sniffer_spi.dir/home/iot/pico/pico-sdk/src/rp2_common/pico_stdio_usb/stdio_usb_descriptors.c.obj
 .bss._app_driver_count
                0x0000000020003cc9        0x1 CMakeFiles/tpm_sniffer_spi.dir/home/iot/pico/pico-sdk/lib/tinyusb/src/device/usbd.c.obj
 .bss._sof_enable
                0x0000000020003cca        0x1 CMakeFiles/tpm_sniffer_spi.dir/home/iot/pico/pico-sdk/lib/tinyusb/src/portable/raspberrypi/rp2040/dcd_rp2040.c.obj
 .bss.boot2_copyout_valid
                0x0000000020003ccb        0x1 CMakeFiles/tpm_sniffer_spi.dir/home/iot/pico/pico-sdk/src/rp2_common/hardware_flash/flash.c.obj
 .bss.claimed   0x0000000020003ccc        0x1 CMakeFiles/tpm_sniffer_spi.dir/home/iot/pico/pico-sdk/src/rp2_common/hardware_timer/timer.c.obj
 .bss.claimed   0x0000000020003ccd        0x1 CMakeFiles/tpm_sniffer_spi.dir/home/iot/pico/pico-sdk/src/rp2_common/hardware_pio/pio.c.obj
 .bss.irq_hander_chain_free_slot_head
                0x0000000020003cce        0x1 CMakeFiles/tpm_sniffer_spi.dir/home/iot/pico/pico-sdk/src/rp2_common/hardware_irq/irq.c.obj
 .bss.itf_num   0x0000000020003ccf        0x1 CMakeFiles/tpm_sniffer_spi.dir/home/iot/pico/pico-sdk/src/rp2_common/pico_stdio_usb/reset_interface.c.obj
 .bss.low_priority_irq_num
                0x0000000020003cd0        0x1 CMakeFiles/tpm_sniffer_spi.dir/home/iot/pico/pico-sdk/src/rp2_common/pico_stdio_usb/stdio_usb.c.obj
 .bss.one_shot_timer_pending
                0x0000000020003cd1        0x1 CMakeFiles/tpm_sniffer_spi.dir/home/iot/pico/pico-sdk/src/rp2_common/pico_stdio_usb/stdio_usb.c.obj
 .bss.timer_callbacks_pending
                0x0000000020003cd2        0x1 CMakeFiles/tpm_sniffer_spi.dir/home/iot/pico/pico-sdk/src/rp2_common/hardware_timer/timer.c.obj
 .bss.user_irq_claimed
                0x0000000020003cd3        0x1 CMakeFiles/tpm_sniffer_spi.dir/home/iot/pico/pico-sdk/src/rp2_common/hardware_irq/irq.c.obj
 *(COMMON)
                0x0000000020003cd4                . = ALIGN (0x4)
                0x0000000020003cd4                __bss_end__ = .

.heap           0x0000000020003cd4      0x800
                0x0000000020003cd4                __end__ = .
                0x0000000020003cd4                end = __end__
 *(.heap*)
 .heap          0x0000000020003cd4      0x800 CMakeFiles/tpm_sniffer_spi.dir/home/iot/pico/pico-sdk/src/rp2_common/pico_standard_link/crt0.S.obj
                0x00000000200044d4                __HeapLimit = .

.stack1_dummy   0x0000000020040000      0x800
 *(.stack1*)
 .stack1        0x0000000020040000      0x800 CMakeFiles/tpm_sniffer_spi.dir/home/iot/pico/pico-sdk/src/rp2_common/pico_multicore/multicore.c.obj

.stack_dummy    0x0000000020041000      0x800
 *(.stack*)
 .stack         0x0000000020041000      0x800 CMakeFiles/tpm_sniffer_spi.dir/home/iot/pico/pico-sdk/src/rp2_common/pico_standard_link/crt0.S.obj

.flash_end      0x000000001000910c        0x0
                0x000000001000910c                PROVIDE (__flash_binary_end = .)
                0x0000000020040000                __StackLimit = (ORIGIN (RAM) + LENGTH (RAM))
                0x0000000020041000                __StackOneTop = (ORIGIN (SCRATCH_X) + LENGTH (SCRATCH_X))
                0x0000000020042000                __StackTop = (ORIGIN (SCRATCH_Y) + LENGTH (SCRATCH_Y))
                0x0000000020040800                __StackOneBottom = (__StackOneTop - SIZEOF (.stack1_dummy))
                0x0000000020041800                __StackBottom = (__StackTop - SIZEOF (.stack_dummy))
                0x0000000020042000                PROVIDE (__stack = __StackTop)
                0x0000000000000001                ASSERT ((__StackLimit >= __HeapLimit), region RAM overflowed)
                0x0000000000000001                ASSERT (((__binary_info_header_end - __logical_binary_start) <= 0x100), Binary info must be in first 256 bytes of the binary)
LOAD CMakeFiles/tpm_sniffer_spi.dir/main.c.obj
LOAD CMakeFiles/tpm_sniffer_spi.dir/home/iot/pico/pico-sdk/src/rp2_common/pico_stdlib/stdlib.c.obj
LOAD CMakeFiles/tpm_sniffer_spi.dir/home/iot/pico/pico-sdk/src/rp2_common/hardware_gpio/gpio.c.obj
LOAD CMakeFiles/tpm_sniffer_spi.dir/home/iot/pico/pico-sdk/src/rp2_common/pico_platform/platform.c.obj
LOAD CMakeFiles/tpm_sniffer_spi.dir/home/iot/pico/pico-sdk/src/rp2_common/hardware_claim/claim.c.obj
LOAD CMakeFiles/tpm_sniffer_spi.dir/home/iot/pico/pico-sdk/src/rp2_common/hardware_sync/sync.c.obj
LOAD CMakeFiles/tpm_sniffer_spi.dir/home/iot/pico/pico-sdk/src/rp2_common/hardware_irq/irq.c.obj
LOAD CMakeFiles/tpm_sniffer_spi.dir/home/iot/pico/pico-sdk/src/rp2_common/hardware_irq/irq_handler_chain.S.obj
LOAD CMakeFiles/tpm_sniffer_spi.dir/home/iot/pico/pico-sdk/src/common/pico_sync/sem.c.obj
LOAD CMakeFiles/tpm_sniffer_spi.dir/home/iot/pico/pico-sdk/src/common/pico_sync/lock_core.c.obj
LOAD CMakeFiles/tpm_sniffer_spi.dir/home/iot/pico/pico-sdk/src/common/pico_sync/mutex.c.obj
LOAD CMakeFiles/tpm_sniffer_spi.dir/home/iot/pico/pico-sdk/src/common/pico_sync/critical_section.c.obj
LOAD CMakeFiles/tpm_sniffer_spi.dir/home/iot/pico/pico-sdk/src/common/pico_time/time.c.obj
LOAD CMakeFiles/tpm_sniffer_spi.dir/home/iot/pico/pico-sdk/src/common/pico_time/timeout_helper.c.obj
LOAD CMakeFiles/tpm_sniffer_spi.dir/home/iot/pico/pico-sdk/src/rp2_common/hardware_timer/timer.c.obj
LOAD CMakeFiles/tpm_sniffer_spi.dir/home/iot/pico/pico-sdk/src/common/pico_util/datetime.c.obj
LOAD CMakeFiles/tpm_sniffer_spi.dir/home/iot/pico/pico-sdk/src/common/pico_util/pheap.c.obj
LOAD CMakeFiles/tpm_sniffer_spi.dir/home/iot/pico/pico-sdk/src/common/pico_util/queue.c.obj
LOAD CMakeFiles/tpm_sniffer_spi.dir/home/iot/pico/pico-sdk/src/rp2_common/hardware_uart/uart.c.obj
LOAD CMakeFiles/tpm_sniffer_spi.dir/home/iot/pico/pico-sdk/src/rp2_common/hardware_clocks/clocks.c.obj
LOAD CMakeFiles/tpm_sniffer_spi.dir/home/iot/pico/pico-sdk/src/rp2_common/hardware_pll/pll.c.obj
LOAD CMakeFiles/tpm_sniffer_spi.dir/home/iot/pico/pico-sdk/src/rp2_common/hardware_vreg/vreg.c.obj
LOAD CMakeFiles/tpm_sniffer_spi.dir/home/iot/pico/pico-sdk/src/rp2_common/hardware_watchdog/watchdog.c.obj
LOAD CMakeFiles/tpm_sniffer_spi.dir/home/iot/pico/pico-sdk/src/rp2_common/hardware_xosc/xosc.c.obj
LOAD CMakeFiles/tpm_sniffer_spi.dir/home/iot/pico/pico-sdk/src/rp2_common/hardware_divider/divider.S.obj
LOAD CMakeFiles/tpm_sniffer_spi.dir/home/iot/pico/pico-sdk/src/rp2_common/pico_runtime/runtime.c.obj
LOAD CMakeFiles/tpm_sniffer_spi.dir/home/iot/pico/pico-sdk/src/rp2_common/pico_printf/printf.c.obj
LOAD CMakeFiles/tpm_sniffer_spi.dir/home/iot/pico/pico-sdk/src/rp2_common/pico_bit_ops/bit_ops_aeabi.S.obj
LOAD CMakeFiles/tpm_sniffer_spi.dir/home/iot/pico/pico-sdk/src/rp2_common/pico_bootrom/bootrom.c.obj
LOAD CMakeFiles/tpm_sniffer_spi.dir/home/iot/pico/pico-sdk/src/rp2_common/pico_divider/divider.S.obj
LOAD CMakeFiles/tpm_sniffer_spi.dir/home/iot/pico/pico-sdk/src/rp2_common/pico_double/double_aeabi.S.obj
LOAD CMakeFiles/tpm_sniffer_spi.dir/home/iot/pico/pico-sdk/src/rp2_common/pico_double/double_init_rom.c.obj
LOAD CMakeFiles/tpm_sniffer_spi.dir/home/iot/pico/pico-sdk/src/rp2_common/pico_double/double_math.c.obj
LOAD CMakeFiles/tpm_sniffer_spi.dir/home/iot/pico/pico-sdk/src/rp2_common/pico_double/double_v1_rom_shim.S.obj
LOAD CMakeFiles/tpm_sniffer_spi.dir/home/iot/pico/pico-sdk/src/rp2_common/pico_int64_ops/pico_int64_ops_aeabi.S.obj
LOAD CMakeFiles/tpm_sniffer_spi.dir/home/iot/pico/pico-sdk/src/rp2_common/pico_float/float_aeabi.S.obj
LOAD CMakeFiles/tpm_sniffer_spi.dir/home/iot/pico/pico-sdk/src/rp2_common/pico_float/float_init_rom.c.obj
LOAD CMakeFiles/tpm_sniffer_spi.dir/home/iot/pico/pico-sdk/src/rp2_common/pico_float/float_math.c.obj
LOAD CMakeFiles/tpm_sniffer_spi.dir/home/iot/pico/pico-sdk/src/rp2_common/pico_float/float_v1_rom_shim.S.obj
LOAD CMakeFiles/tpm_sniffer_spi.dir/home/iot/pico/pico-sdk/src/rp2_common/pico_malloc/pico_malloc.c.obj